Archive member included because of file (symbol)

c:/program files (x86)/atollic/truestudio for arm 5.4.0/armtools/bin/../lib/gcc/arm-atollic-eabi/4.8.3/../../../../arm-atollic-eabi/lib/armv7e-m/fpu\libc.a(lib_a-init.o)
                              src\startup_stm32f4xx.o (__libc_init_array)
c:/program files (x86)/atollic/truestudio for arm 5.4.0/armtools/bin/../lib/gcc/arm-atollic-eabi/4.8.3/../../../../arm-atollic-eabi/lib/armv7e-m/fpu\libc.a(lib_a-memcmp.o)
                              Utilities\lwip_v1.3.2\src\core\ipv4\autoip.o (memcmp)
c:/program files (x86)/atollic/truestudio for arm 5.4.0/armtools/bin/../lib/gcc/arm-atollic-eabi/4.8.3/../../../../arm-atollic-eabi/lib/armv7e-m/fpu\libc.a(lib_a-memcpy-stub.o)
                              Utilities\lwip_v1.3.2\src\netif\etharp.o (memcpy)
c:/program files (x86)/atollic/truestudio for arm 5.4.0/armtools/bin/../lib/gcc/arm-atollic-eabi/4.8.3/../../../../arm-atollic-eabi/lib/armv7e-m/fpu\libc.a(lib_a-memset.o)
                              Utilities\lwip_v1.3.2\src\core\udp.o (memset)
c:/program files (x86)/atollic/truestudio for arm 5.4.0/armtools/bin/../lib/gcc/arm-atollic-eabi/4.8.3/../../../../arm-atollic-eabi/lib/armv7e-m/fpu\libc.a(lib_a-reent.o)
                              src\syscalls.o (errno)
c:/program files (x86)/atollic/truestudio for arm 5.4.0/armtools/bin/../lib/gcc/arm-atollic-eabi/4.8.3/../../../../arm-atollic-eabi/lib/armv7e-m/fpu\libc.a(lib_a-strlen.o)
                              src\udp_echoclient.o (strlen)
c:/program files (x86)/atollic/truestudio for arm 5.4.0/armtools/bin/../lib/gcc/arm-atollic-eabi/4.8.3/../../../../arm-atollic-eabi/lib/armv7e-m/fpu\libc.a(lib_a-freer.o)
                              c:/program files (x86)/atollic/truestudio for arm 5.4.0/armtools/bin/../lib/gcc/arm-atollic-eabi/4.8.3/../../../../arm-atollic-eabi/lib/armv7e-m/fpu\libc.a(lib_a-reent.o) (_free_r)
c:/program files (x86)/atollic/truestudio for arm 5.4.0/armtools/bin/../lib/gcc/arm-atollic-eabi/4.8.3/../../../../arm-atollic-eabi/lib/armv7e-m/fpu\libc.a(lib_a-impure.o)
                              c:/program files (x86)/atollic/truestudio for arm 5.4.0/armtools/bin/../lib/gcc/arm-atollic-eabi/4.8.3/../../../../arm-atollic-eabi/lib/armv7e-m/fpu\libc.a(lib_a-reent.o) (_impure_ptr)
c:/program files (x86)/atollic/truestudio for arm 5.4.0/armtools/bin/../lib/gcc/arm-atollic-eabi/4.8.3/../../../../arm-atollic-eabi/lib/armv7e-m/fpu\libc.a(lib_a-mallocr.o)
                              c:/program files (x86)/atollic/truestudio for arm 5.4.0/armtools/bin/../lib/gcc/arm-atollic-eabi/4.8.3/../../../../arm-atollic-eabi/lib/armv7e-m/fpu\libc.a(lib_a-freer.o) (__malloc_current_mallinfo)
c:/program files (x86)/atollic/truestudio for arm 5.4.0/armtools/bin/../lib/gcc/arm-atollic-eabi/4.8.3/../../../../arm-atollic-eabi/lib/armv7e-m/fpu\libc.a(lib_a-mlock.o)
                              c:/program files (x86)/atollic/truestudio for arm 5.4.0/armtools/bin/../lib/gcc/arm-atollic-eabi/4.8.3/../../../../arm-atollic-eabi/lib/armv7e-m/fpu\libc.a(lib_a-freer.o) (__malloc_lock)
c:/program files (x86)/atollic/truestudio for arm 5.4.0/armtools/bin/../lib/gcc/arm-atollic-eabi/4.8.3/../../../../arm-atollic-eabi/lib/armv7e-m/fpu\libc.a(lib_a-sbrkr.o)
                              c:/program files (x86)/atollic/truestudio for arm 5.4.0/armtools/bin/../lib/gcc/arm-atollic-eabi/4.8.3/../../../../arm-atollic-eabi/lib/armv7e-m/fpu\libc.a(lib_a-freer.o) (_sbrk_r)

Allocating common symbols
Common symbol       size              file

netif               0x38              src\netconf.o
netif_list          0x4               Utilities\lwip_v1.3.2\src\core\netif.o
CurrentPos          0x4               Utilities\STM32F4-Discovery\stm32f4_discovery_audio_codec.o
RX_Frame_Descriptor
                    0xc               Libraries\STM32F4x7_ETH_Driver\src\stm32f4x7_eth.o
Button_Flag         0x4               src\main.o
tcp_active_pcbs     0x4               Utilities\lwip_v1.3.2\src\core\tcp.o
udp_pcbs            0x4               Utilities\lwip_v1.3.2\src\core\udp.o
errno               0x4               c:/program files (x86)/atollic/truestudio for arm 5.4.0/armtools/bin/../lib/gcc/arm-atollic-eabi/4.8.3/../../../../arm-atollic-eabi/lib/armv7e-m/fpu\libc.a(lib_a-reent.o)
current_netif       0x4               Utilities\lwip_v1.3.2\src\core\ipv4\ip.o
upcb                0x4               src\udp_echoclient.o
tcp_ticks           0x4               Utilities\lwip_v1.3.2\src\core\tcp.o
tcp_listen_pcbs     0x4               Utilities\lwip_v1.3.2\src\core\tcp.o
DMARxDescToGet      0x4               Libraries\STM32F4x7_ETH_Driver\src\stm32f4x7_eth.o
DMATxDescToSet      0x4               Libraries\STM32F4x7_ETH_Driver\src\stm32f4x7_eth.o
tcp_tmp_pcb         0x4               Utilities\lwip_v1.3.2\src\core\tcp.o
tcp_input_pcb       0x4               Utilities\lwip_v1.3.2\src\core\tcp_in.o
Button_TimerBack    0x4               src\main.o
[...]
Memory Configuration

Name             Origin             Length             Attributes
FLASH            0x08000000         0x00100000         xr
RAM              0x20000000         0x00020000         xrw
MEMORY_B1        0x60000000         0x00000000         xr
CCMRAM           0x10000000         0x00010000         rw
*default*        0x00000000         0xffffffff

Linker script and memory map

LOAD c:/program files (x86)/atollic/truestudio for arm 5.4.0/armtools/bin/../lib/gcc/arm-atollic-eabi/4.8.3/armv7e-m/fpu/crti.o
LOAD c:/program files (x86)/atollic/truestudio for arm 5.4.0/armtools/bin/../lib/gcc/arm-atollic-eabi/4.8.3/armv7e-m/fpu/crtbegin.o
LOAD src\udp_echoclient.o
LOAD src\tiny_printf.o
LOAD src\system_stm32f4xx.o
LOAD src\syscalls.o
LOAD src\stm32f4xx_it.o
LOAD src\stm32f4x7_eth_bsp.o
LOAD src\startup_stm32f4xx.o
LOAD src\netconf.o
LOAD src\main.o
LOAD src\STM32F4-Discovery_callback.o
LOAD Utilities\lwip_v1.3.2\src\netif\slipif.o
LOAD Utilities\lwip_v1.3.2\src\netif\ppp\vj.o
LOAD Utilities\lwip_v1.3.2\src\netif\ppp\randm.o
LOAD Utilities\lwip_v1.3.2\src\netif\ppp\ppp_oe.o
LOAD Utilities\lwip_v1.3.2\src\netif\ppp\ppp.o
LOAD Utilities\lwip_v1.3.2\src\netif\ppp\pap.o
LOAD Utilities\lwip_v1.3.2\src\netif\ppp\md5.o
LOAD Utilities\lwip_v1.3.2\src\netif\ppp\magic.o
LOAD Utilities\lwip_v1.3.2\src\netif\ppp\lcp.o
LOAD Utilities\lwip_v1.3.2\src\netif\ppp\ipcp.o
LOAD Utilities\lwip_v1.3.2\src\netif\ppp\fsm.o
LOAD Utilities\lwip_v1.3.2\src\netif\ppp\chpms.o
LOAD Utilities\lwip_v1.3.2\src\netif\ppp\chap.o
LOAD Utilities\lwip_v1.3.2\src\netif\ppp\auth.o
LOAD Utilities\lwip_v1.3.2\src\netif\loopif.o
LOAD Utilities\lwip_v1.3.2\src\netif\etharp.o
LOAD Utilities\lwip_v1.3.2\src\core\udp.o
LOAD Utilities\lwip_v1.3.2\src\core\tcp_out.o
LOAD Utilities\lwip_v1.3.2\src\core\tcp_in.o
LOAD Utilities\lwip_v1.3.2\src\core\tcp.o
LOAD Utilities\lwip_v1.3.2\src\core\sys.o
LOAD Utilities\lwip_v1.3.2\src\core\stats.o
LOAD Utilities\lwip_v1.3.2\src\core\snmp\msg_out.o
LOAD Utilities\lwip_v1.3.2\src\core\snmp\msg_in.o
LOAD Utilities\lwip_v1.3.2\src\core\snmp\mib_structs.o
LOAD Utilities\lwip_v1.3.2\src\core\snmp\mib2.o
LOAD Utilities\lwip_v1.3.2\src\core\snmp\asn1_enc.o
LOAD Utilities\lwip_v1.3.2\src\core\snmp\asn1_dec.o
LOAD Utilities\lwip_v1.3.2\src\core\raw.o
LOAD Utilities\lwip_v1.3.2\src\core\pbuf.o
LOAD Utilities\lwip_v1.3.2\src\core\netif.o
LOAD Utilities\lwip_v1.3.2\src\core\memp.o
LOAD Utilities\lwip_v1.3.2\src\core\mem.o
LOAD Utilities\lwip_v1.3.2\src\core\ipv4\ip_frag.o
LOAD Utilities\lwip_v1.3.2\src\core\ipv4\ip_addr.o
LOAD Utilities\lwip_v1.3.2\src\core\ipv4\ip.o
LOAD Utilities\lwip_v1.3.2\src\core\ipv4\inet_chksum.o
LOAD Utilities\lwip_v1.3.2\src\core\ipv4\inet.o
LOAD Utilities\lwip_v1.3.2\src\core\ipv4\igmp.o
LOAD Utilities\lwip_v1.3.2\src\core\ipv4\icmp.o
LOAD Utilities\lwip_v1.3.2\src\core\ipv4\autoip.o
LOAD Utilities\lwip_v1.3.2\src\core\init.o
LOAD Utilities\lwip_v1.3.2\src\core\dns.o
LOAD Utilities\lwip_v1.3.2\src\core\dhcp.o
LOAD Utilities\lwip_v1.3.2\src\api\tcpip.o
LOAD Utilities\lwip_v1.3.2\src\api\sockets.o
LOAD Utilities\lwip_v1.3.2\src\api\netifapi.o
LOAD Utilities\lwip_v1.3.2\src\api\netdb.o
LOAD Utilities\lwip_v1.3.2\src\api\netbuf.o
LOAD Utilities\lwip_v1.3.2\src\api\err.o
LOAD Utilities\lwip_v1.3.2\src\api\api_msg.o
LOAD Utilities\lwip_v1.3.2\src\api\api_lib.o
LOAD Utilities\lwip_v1.3.2\port\STM32F4x7\Standalone\ethernetif.o
LOAD Utilities\STM32F4-Discovery\stm32f4_discovery_lis302dl.o
LOAD Utilities\STM32F4-Discovery\stm32f4_discovery_audio_codec.o
LOAD Utilities\STM32F4-Discovery\stm32f4_discovery.o
LOAD Libraries\STM32F4xx_StdPeriph_Driver\src\stm32f4xx_wwdg.o
LOAD Libraries\STM32F4xx_StdPeriph_Driver\src\stm32f4xx_usart.o
LOAD Libraries\STM32F4xx_StdPeriph_Driver\src\stm32f4xx_tim.o
LOAD Libraries\STM32F4xx_StdPeriph_Driver\src\stm32f4xx_syscfg.o
LOAD Libraries\STM32F4xx_StdPeriph_Driver\src\stm32f4xx_spi.o
LOAD Libraries\STM32F4xx_StdPeriph_Driver\src\stm32f4xx_sdio.o
LOAD Libraries\STM32F4xx_StdPeriph_Driver\src\stm32f4xx_rtc.o
LOAD Libraries\STM32F4xx_StdPeriph_Driver\src\stm32f4xx_rng.o
LOAD Libraries\STM32F4xx_StdPeriph_Driver\src\stm32f4xx_rcc.o
LOAD Libraries\STM32F4xx_StdPeriph_Driver\src\stm32f4xx_pwr.o
LOAD Libraries\STM32F4xx_StdPeriph_Driver\src\stm32f4xx_iwdg.o
LOAD Libraries\STM32F4xx_StdPeriph_Driver\src\stm32f4xx_i2c.o
LOAD Libraries\STM32F4xx_StdPeriph_Driver\src\stm32f4xx_hash_sha1.o
LOAD Libraries\STM32F4xx_StdPeriph_Driver\src\stm32f4xx_hash_md5.o
LOAD Libraries\STM32F4xx_StdPeriph_Driver\src\stm32f4xx_hash.o
LOAD Libraries\STM32F4xx_StdPeriph_Driver\src\stm32f4xx_gpio.o
LOAD Libraries\STM32F4xx_StdPeriph_Driver\src\stm32f4xx_fsmc.o
LOAD Libraries\STM32F4xx_StdPeriph_Driver\src\stm32f4xx_flash.o
LOAD Libraries\STM32F4xx_StdPeriph_Driver\src\stm32f4xx_exti.o
LOAD Libraries\STM32F4xx_StdPeriph_Driver\src\stm32f4xx_dma.o
LOAD Libraries\STM32F4xx_StdPeriph_Driver\src\stm32f4xx_dcmi.o
LOAD Libraries\STM32F4xx_StdPeriph_Driver\src\stm32f4xx_dbgmcu.o
LOAD Libraries\STM32F4xx_StdPeriph_Driver\src\stm32f4xx_dac.o
LOAD Libraries\STM32F4xx_StdPeriph_Driver\src\stm32f4xx_cryp_tdes.o
LOAD Libraries\STM32F4xx_StdPeriph_Driver\src\stm32f4xx_cryp_des.o
LOAD Libraries\STM32F4xx_StdPeriph_Driver\src\stm32f4xx_cryp_aes.o
LOAD Libraries\STM32F4xx_StdPeriph_Driver\src\stm32f4xx_cryp.o
LOAD Libraries\STM32F4xx_StdPeriph_Driver\src\stm32f4xx_crc.o
LOAD Libraries\STM32F4xx_StdPeriph_Driver\src\stm32f4xx_can.o
LOAD Libraries\STM32F4xx_StdPeriph_Driver\src\stm32f4xx_adc.o
LOAD Libraries\STM32F4xx_StdPeriph_Driver\src\misc.o
LOAD Libraries\STM32F4x7_ETH_Driver\src\stm32f4x7_eth.o
LOAD c:/program files (x86)/atollic/truestudio for arm 5.4.0/armtools/bin/../lib/gcc/arm-atollic-eabi/4.8.3/../../../../arm-atollic-eabi/lib/armv7e-m/fpu\libm.a
START GROUP
LOAD c:/program files (x86)/atollic/truestudio for arm 5.4.0/armtools/bin/../lib/gcc/arm-atollic-eabi/4.8.3/../../../../arm-atollic-eabi/lib/armv7e-m/fpu\libc.a
LOAD c:/program files (x86)/atollic/truestudio for arm 5.4.0/armtools/bin/../lib/gcc/arm-atollic-eabi/4.8.3/../../../../arm-atollic-eabi/lib/armv7e-m/fpu\libm.a
END GROUP
                0x00001000                malloc_getpagesize_P = 0x1000
START GROUP
LOAD c:/program files (x86)/atollic/truestudio for arm 5.4.0/armtools/bin/../lib/gcc/arm-atollic-eabi/4.8.3/armv7e-m/fpu\libgcc.a
LOAD c:/program files (x86)/atollic/truestudio for arm 5.4.0/armtools/bin/../lib/gcc/arm-atollic-eabi/4.8.3/../../../../arm-atollic-eabi/lib/armv7e-m/fpu\libc.a
END GROUP
LOAD c:/program files (x86)/atollic/truestudio for arm 5.4.0/armtools/bin/../lib/gcc/arm-atollic-eabi/4.8.3/armv7e-m/fpu/crtend.o
LOAD c:/program files (x86)/atollic/truestudio for arm 5.4.0/armtools/bin/../lib/gcc/arm-atollic-eabi/4.8.3/armv7e-m/fpu/crtn.o
                0x20020000                _estack = 0x20020000
                0x00000000                _Min_Heap_Size = 0x0
                0x00000400                _Min_Stack_Size = 0x400

.isr_vector     0x08000000      0x188
                0x08000000                . = ALIGN (0x4)
 *(.isr_vector)
 .isr_vector    0x08000000      0x188 src\startup_stm32f4xx.o
                0x08000000                g_pfnVectors
                0x08000188                . = ALIGN (0x4)

.text           0x08000188     0x97f0
                0x08000188                . = ALIGN (0x4)
 *(.text)
 .text          0x08000188       0x40 c:/program files (x86)/atollic/truestudio for arm 5.4.0/armtools/bin/../lib/gcc/arm-atollic-eabi/4.8.3/armv7e-m/fpu/crtbegin.o
 *(.text*)
 .text.udp_echoclient_connect
                0x080001c8      0x124 src\udp_echoclient.o
                0x080001c8                udp_echoclient_connect
 .text.udp_receive_callback
                0x080002ec       0x38 src\udp_echoclient.o
                0x080002ec                udp_receive_callback
 .text.ts_itoa  0x08000324       0x90 src\tiny_printf.o
                0x08000324                ts_itoa
 .text.ts_formatstring
                0x080003b4      0x134 src\tiny_printf.o
                0x080003b4                ts_formatstring
 .text.sprintf  0x080004e8       0x2c src\tiny_printf.o
                0x080004e8                sprintf
 .text.SystemInit
                0x08000514       0x68 src\system_stm32f4xx.o
                0x08000514                SystemInit
 .text.SetSysClock
                0x0800057c       0xf4 src\system_stm32f4xx.o
 .text.NMI_Handler
                0x08000670        0xc src\stm32f4xx_it.o
                0x08000670                NMI_Handler
 .text.HardFault_Handler
                0x0800067c        0x8 src\stm32f4xx_it.o
                0x0800067c                HardFault_Handler
 .text.MemManage_Handler
                0x08000684        0x8 src\stm32f4xx_it.o
                0x08000684                MemManage_Handler
 .text.BusFault_Handler
                0x0800068c        0x8 src\stm32f4xx_it.o
                0x0800068c                BusFault_Handler
 .text.UsageFault_Handler
                0x08000694        0x8 src\stm32f4xx_it.o
                0x08000694                UsageFault_Handler
 .text.SVC_Handler
                0x0800069c        0xc src\stm32f4xx_it.o
                0x0800069c                SVC_Handler
 .text.DebugMon_Handler
                0x080006a8        0xc src\stm32f4xx_it.o
                0x080006a8                DebugMon_Handler
 .text.PendSV_Handler
                0x080006b4        0xc src\stm32f4xx_it.o
                0x080006b4                PendSV_Handler
 .text.SysTick_Handler
                0x080006c0        0xc src\stm32f4xx_it.o
                0x080006c0                SysTick_Handler
 .text.EXTI0_IRQHandler
                0x080006cc       0x18 src\stm32f4xx_it.o
                0x080006cc                EXTI0_IRQHandler
 .text.NVIC_SetPriority
                0x080006e4       0x54 src\stm32f4x7_eth_bsp.o
 .text.SysTick_Config
                0x08000738       0x44 src\stm32f4x7_eth_bsp.o
 .text.ETH_BSP_Config
                0x0800077c       0x44 src\stm32f4x7_eth_bsp.o
                0x0800077c                ETH_BSP_Config
 .text.ETH_MACDMA_Config
                0x080007c0       0xbc src\stm32f4x7_eth_bsp.o
 .text.ETH_GPIO_Config
                0x0800087c      0x130 src\stm32f4x7_eth_bsp.o
 .text.Reset_Handler
                0x080009ac       0x50 src\startup_stm32f4xx.o
                0x080009ac                Reset_Handler
 .text.Default_Handler
                0x080009fc        0x4 src\startup_stm32f4xx.o
                0x080009fc                RTC_Alarm_IRQHandler
                0x080009fc                HASH_RNG_IRQHandler
                0x080009fc                EXTI2_IRQHandler
                0x080009fc                TIM8_CC_IRQHandler
                0x080009fc                TIM1_CC_IRQHandler
                0x080009fc                DMA2_Stream5_IRQHandler
                0x080009fc                DMA1_Stream5_IRQHandler
                0x080009fc                PVD_IRQHandler
                0x080009fc                SDIO_IRQHandler
                0x080009fc                TAMP_STAMP_IRQHandler
                0x080009fc                CAN2_RX1_IRQHandler
                0x080009fc                EXTI3_IRQHandler
                0x080009fc                TIM8_TRG_COM_TIM14_IRQHandler
                0x080009fc                TIM1_UP_TIM10_IRQHandler
                0x080009fc                TIM8_UP_TIM13_IRQHandler
                0x080009fc                I2C3_ER_IRQHandler
                0x080009fc                I2C2_EV_IRQHandler
                0x080009fc                DMA1_Stream2_IRQHandler
                0x080009fc                CAN1_RX0_IRQHandler
                0x080009fc                FPU_IRQHandler
                0x080009fc                OTG_HS_WKUP_IRQHandler
                0x080009fc                CAN2_SCE_IRQHandler
                0x080009fc                DMA2_Stream2_IRQHandler
                0x080009fc                SPI1_IRQHandler
                0x080009fc                TIM6_DAC_IRQHandler
                0x080009fc                TIM1_BRK_TIM9_IRQHandler
                0x080009fc                DCMI_IRQHandler
                0x080009fc                CAN2_RX0_IRQHandler
                0x080009fc                DMA2_Stream3_IRQHandler
                0x080009fc                USART6_IRQHandler
                0x080009fc                USART3_IRQHandler
                0x080009fc                CRYP_IRQHandler
                0x080009fc                CAN1_RX1_IRQHandler
                0x080009fc                UART5_IRQHandler
                0x080009fc                DMA2_Stream0_IRQHandler
                0x080009fc                TIM4_IRQHandler
                0x080009fc                I2C1_EV_IRQHandler
                0x080009fc                DMA1_Stream6_IRQHandler
                0x080009fc                DMA1_Stream1_IRQHandler
                0x080009fc                UART4_IRQHandler
                0x080009fc                TIM3_IRQHandler
                0x080009fc                RCC_IRQHandler
                0x080009fc                TIM8_BRK_TIM12_IRQHandler
                0x080009fc                Default_Handler
                0x080009fc                EXTI15_10_IRQHandler
                0x080009fc                ADC_IRQHandler
                0x080009fc                TIM7_IRQHandler
                0x080009fc                CAN2_TX_IRQHandler
                0x080009fc                TIM5_IRQHandler
                0x080009fc                DMA2_Stream7_IRQHandler
                0x080009fc                I2C3_EV_IRQHandler
                0x080009fc                EXTI9_5_IRQHandler
                0x080009fc                RTC_WKUP_IRQHandler
                0x080009fc                ETH_WKUP_IRQHandler
                0x080009fc                SPI2_IRQHandler
                0x080009fc                OTG_HS_EP1_IN_IRQHandler
                0x080009fc                CAN1_TX_IRQHandler
                0x080009fc                EXTI4_IRQHandler
                0x080009fc                FSMC_IRQHandler
                0x080009fc                ETH_IRQHandler
                0x080009fc                OTG_HS_EP1_OUT_IRQHandler
                0x080009fc                WWDG_IRQHandler
                0x080009fc                TIM2_IRQHandler
                0x080009fc                OTG_FS_WKUP_IRQHandler
                0x080009fc                TIM1_TRG_COM_TIM11_IRQHandler
                0x080009fc                OTG_HS_IRQHandler
                0x080009fc                EXTI1_IRQHandler
                0x080009fc                USART2_IRQHandler
                0x080009fc                I2C2_ER_IRQHandler
                0x080009fc                DMA2_Stream1_IRQHandler
                0x080009fc                CAN1_SCE_IRQHandler
                0x080009fc                FLASH_IRQHandler
                0x080009fc                DMA2_Stream4_IRQHandler
                0x080009fc                USART1_IRQHandler
                0x080009fc                OTG_FS_IRQHandler
                0x080009fc                DMA1_Stream4_IRQHandler
                0x080009fc                I2C1_ER_IRQHandler
                0x080009fc                DMA2_Stream6_IRQHandler
                0x080009fc                DMA1_Stream3_IRQHandler
 .text.LwIP_Init
                0x08000a00       0x74 src\netconf.o
                0x08000a00                LwIP_Init
 .text.LwIP_Pkt_Handle
                0x08000a74       0x10 src\netconf.o
                0x08000a74                LwIP_Pkt_Handle
 .text.LwIP_Periodic_Handle
                0x08000a84       0x48 src\netconf.o
                0x08000a84                LwIP_Periodic_Handle
 .text.main     0x08000acc       0x40 src\main.o
                0x08000acc                main
 .text.Button_State
                0x08000b0c       0x88 src\main.o
                0x08000b0c                Button_State
 .text.Time_Update
                0x08000b94       0x1c src\main.o
                0x08000b94                Time_Update
 .text.LCD_LED_BUTTON_Init
                0x08000bb0       0x10 src\main.o
                0x08000bb0                LCD_LED_BUTTON_Init
 .text.EVAL_AUDIO_TransferComplete_CallBack
                0x08000bc0       0x18 src\STM32F4-Discovery_callback.o
                0x08000bc0                EVAL_AUDIO_TransferComplete_CallBack
 .text.EVAL_AUDIO_GetSampleCallBack
                0x08000bd8       0x10 src\STM32F4-Discovery_callback.o
                0x08000bd8                EVAL_AUDIO_GetSampleCallBack
 .text.free_etharp_q
                0x08000be8       0x34 Utilities\lwip_v1.3.2\src\netif\etharp.o
 .text.etharp_tmr
                0x08000c1c       0xfc Utilities\lwip_v1.3.2\src\netif\etharp.o
                0x08000c1c                etharp_tmr
 .text.find_entry
                0x08000d18      0x2cc Utilities\lwip_v1.3.2\src\netif\etharp.o
 .text.etharp_send_ip
                0x08000fe4       0x64 Utilities\lwip_v1.3.2\src\netif\etharp.o
 .text.update_arp_entry
                0x08001048      0x150 Utilities\lwip_v1.3.2\src\netif\etharp.o
 .text.etharp_ip_input
                0x08001198       0x50 Utilities\lwip_v1.3.2\src\netif\etharp.o
                0x08001198                etharp_ip_input
 .text.etharp_arp_input
                0x080011e8      0x1f4 Utilities\lwip_v1.3.2\src\netif\etharp.o
                0x080011e8                etharp_arp_input
 .text.etharp_output
                0x080013dc       0xf8 Utilities\lwip_v1.3.2\src\netif\etharp.o
                0x080013dc                etharp_output
 .text.etharp_query
                0x080014d4      0x250 Utilities\lwip_v1.3.2\src\netif\etharp.o
                0x080014d4                etharp_query
 .text.etharp_raw
                0x08001724      0x140 Utilities\lwip_v1.3.2\src\netif\etharp.o
                0x08001724                etharp_raw
 .text.etharp_request
                0x08001864       0x44 Utilities\lwip_v1.3.2\src\netif\etharp.o
                0x08001864                etharp_request
 .text.ethernet_input
                0x080018a8       0x88 Utilities\lwip_v1.3.2\src\netif\etharp.o
                0x080018a8                ethernet_input
 .text.udp_input
                0x08001930      0x28c Utilities\lwip_v1.3.2\src\core\udp.o
                0x08001930                udp_input
 .text.udp_send
                0x08001bbc       0x24 Utilities\lwip_v1.3.2\src\core\udp.o
                0x08001bbc                udp_send
 .text.udp_sendto
                0x08001be0       0x3c Utilities\lwip_v1.3.2\src\core\udp.o
                0x08001be0                udp_sendto
 .text.udp_sendto_if
                0x08001c1c      0x128 Utilities\lwip_v1.3.2\src\core\udp.o
                0x08001c1c                udp_sendto_if
 .text.udp_bind
                0x08001d44       0xc0 Utilities\lwip_v1.3.2\src\core\udp.o
                0x08001d44                udp_bind
 .text.udp_connect
                0x08001e04       0x9c Utilities\lwip_v1.3.2\src\core\udp.o
                0x08001e04                udp_connect
 .text.udp_recv
                0x08001ea0       0x24 Utilities\lwip_v1.3.2\src\core\udp.o
                0x08001ea0                udp_recv
 .text.udp_remove
                0x08001ec4       0x60 Utilities\lwip_v1.3.2\src\core\udp.o
                0x08001ec4                udp_remove
 .text.udp_new  0x08001f24       0x30 Utilities\lwip_v1.3.2\src\core\udp.o
                0x08001f24                udp_new
 .text.tcp_output_set_header
                0x08001f54       0xec Utilities\lwip_v1.3.2\src\core\tcp_out.o
 .text.tcp_send_ctrl
                0x08002040       0x2c Utilities\lwip_v1.3.2\src\core\tcp_out.o
                0x08002040                tcp_send_ctrl
 .text.tcp_enqueue
                0x0800206c      0x5a8 Utilities\lwip_v1.3.2\src\core\tcp_out.o
                0x0800206c                tcp_enqueue
 .text.tcp_send_empty_ack
                0x08002614       0x84 Utilities\lwip_v1.3.2\src\core\tcp_out.o
                0x08002614                tcp_send_empty_ack
 .text.tcp_output
                0x08002698      0x2d4 Utilities\lwip_v1.3.2\src\core\tcp_out.o
                0x08002698                tcp_output
 .text.tcp_output_segment
                0x0800296c      0x140 Utilities\lwip_v1.3.2\src\core\tcp_out.o
 .text.tcp_rst  0x08002aac       0xf0 Utilities\lwip_v1.3.2\src\core\tcp_out.o
                0x08002aac                tcp_rst
 .text.tcp_rexmit_rto
                0x08002b9c       0x60 Utilities\lwip_v1.3.2\src\core\tcp_out.o
                0x08002b9c                tcp_rexmit_rto
 .text.tcp_rexmit
                0x08002bfc       0x84 Utilities\lwip_v1.3.2\src\core\tcp_out.o
                0x08002bfc                tcp_rexmit
 .text.tcp_rexmit_fast
                0x08002c80       0xac Utilities\lwip_v1.3.2\src\core\tcp_out.o
                0x08002c80                tcp_rexmit_fast
 .text.tcp_keepalive
                0x08002d2c       0x5c Utilities\lwip_v1.3.2\src\core\tcp_out.o
                0x08002d2c                tcp_keepalive
 .text.tcp_zero_window_probe
                0x08002d88       0xe0 Utilities\lwip_v1.3.2\src\core\tcp_out.o
                0x08002d88                tcp_zero_window_probe
 .text.tcp_input
                0x08002e68      0x5cc Utilities\lwip_v1.3.2\src\core\tcp_in.o
                0x08002e68                tcp_input
 .text.tcp_listen_input
                0x08003434      0x19c Utilities\lwip_v1.3.2\src\core\tcp_in.o
 .text.tcp_timewait_input
                0x080035d0       0xe0 Utilities\lwip_v1.3.2\src\core\tcp_in.o
 .text.tcp_process
                0x080036b0      0x6c0 Utilities\lwip_v1.3.2\src\core\tcp_in.o
 .text.tcp_receive
                0x08003d70      0x8b8 Utilities\lwip_v1.3.2\src\core\tcp_in.o
 .text.tcp_parseopt
                0x08004628      0x100 Utilities\lwip_v1.3.2\src\core\tcp_in.o
 .text.tcp_tmr  0x08004728       0x2c Utilities\lwip_v1.3.2\src\core\tcp.o
                0x08004728                tcp_tmr
 .text.tcp_close
                0x08004754      0x164 Utilities\lwip_v1.3.2\src\core\tcp.o
                0x08004754                tcp_close
 .text.tcp_abandon
                0x080048b8       0xdc Utilities\lwip_v1.3.2\src\core\tcp.o
                0x080048b8                tcp_abandon
 .text.tcp_update_rcv_ann_wnd
                0x08004994       0x84 Utilities\lwip_v1.3.2\src\core\tcp.o
                0x08004994                tcp_update_rcv_ann_wnd
 .text.tcp_recved
                0x08004a18       0x60 Utilities\lwip_v1.3.2\src\core\tcp.o
                0x08004a18                tcp_recved
 .text.tcp_slowtmr
                0x08004a78      0x3c4 Utilities\lwip_v1.3.2\src\core\tcp.o
                0x08004a78                tcp_slowtmr
 .text.tcp_fasttmr
                0x08004e3c       0xb0 Utilities\lwip_v1.3.2\src\core\tcp.o
                0x08004e3c                tcp_fasttmr
 .text.tcp_segs_free
                0x08004eec       0x38 Utilities\lwip_v1.3.2\src\core\tcp.o
                0x08004eec                tcp_segs_free
 .text.tcp_seg_free
                0x08004f24       0x3c Utilities\lwip_v1.3.2\src\core\tcp.o
                0x08004f24                tcp_seg_free
 .text.tcp_recv_null
                0x08004f60       0x48 Utilities\lwip_v1.3.2\src\core\tcp.o
                0x08004f60                tcp_recv_null
 .text.tcp_kill_prio
                0x08004fa8       0x80 Utilities\lwip_v1.3.2\src\core\tcp.o
 .text.tcp_kill_timewait
                0x08005028       0x60 Utilities\lwip_v1.3.2\src\core\tcp.o
 .text.tcp_alloc
                0x08005088      0x10c Utilities\lwip_v1.3.2\src\core\tcp.o
                0x08005088                tcp_alloc
 .text.tcp_pcb_purge
                0x08005194       0x60 Utilities\lwip_v1.3.2\src\core\tcp.o
                0x08005194                tcp_pcb_purge
 .text.tcp_pcb_remove
                0x080051f4       0xac Utilities\lwip_v1.3.2\src\core\tcp.o
                0x080051f4                tcp_pcb_remove
 .text.tcp_next_iss
                0x080052a0       0x28 Utilities\lwip_v1.3.2\src\core\tcp.o
                0x080052a0                tcp_next_iss
 .text.tcp_eff_send_mss
                0x080052c8       0x40 Utilities\lwip_v1.3.2\src\core\tcp.o
                0x080052c8                tcp_eff_send_mss
 .text.raw_input
                0x08005308       0xac Utilities\lwip_v1.3.2\src\core\raw.o
                0x08005308                raw_input
 .text.pbuf_alloc
                0x080053b4      0x1f8 Utilities\lwip_v1.3.2\src\core\pbuf.o
                0x080053b4                pbuf_alloc
 .text.pbuf_realloc
                0x080055ac       0xc8 Utilities\lwip_v1.3.2\src\core\pbuf.o
                0x080055ac                pbuf_realloc
 .text.pbuf_header
                0x08005674       0xe0 Utilities\lwip_v1.3.2\src\core\pbuf.o
                0x08005674                pbuf_header
 .text.pbuf_free
                0x08005754       0xa0 Utilities\lwip_v1.3.2\src\core\pbuf.o
                0x08005754                pbuf_free
 .text.pbuf_clen
                0x080057f4       0x30 Utilities\lwip_v1.3.2\src\core\pbuf.o
                0x080057f4                pbuf_clen
 .text.pbuf_ref
                0x08005824       0x24 Utilities\lwip_v1.3.2\src\core\pbuf.o
                0x08005824                pbuf_ref
 .text.pbuf_cat
                0x08005848       0x5c Utilities\lwip_v1.3.2\src\core\pbuf.o
                0x08005848                pbuf_cat
 .text.pbuf_chain
                0x080058a4       0x20 Utilities\lwip_v1.3.2\src\core\pbuf.o
                0x080058a4                pbuf_chain
 .text.pbuf_copy
                0x080058c4      0x100 Utilities\lwip_v1.3.2\src\core\pbuf.o
                0x080058c4                pbuf_copy
 .text.pbuf_copy_partial
                0x080059c4       0xc4 Utilities\lwip_v1.3.2\src\core\pbuf.o
                0x080059c4                pbuf_copy_partial
 .text.pbuf_take
                0x08005a88       0x9c Utilities\lwip_v1.3.2\src\core\pbuf.o
                0x08005a88                pbuf_take
 .text.netif_add
                0x08005b24       0x90 Utilities\lwip_v1.3.2\src\core\netif.o
                0x08005b24                netif_add
 .text.netif_set_addr
                0x08005bb4       0x2c Utilities\lwip_v1.3.2\src\core\netif.o
                0x08005bb4                netif_set_addr
 .text.netif_set_ipaddr
                0x08005be0       0xac Utilities\lwip_v1.3.2\src\core\netif.o
                0x08005be0                netif_set_ipaddr
 .text.netif_set_gw
                0x08005c8c       0x28 Utilities\lwip_v1.3.2\src\core\netif.o
                0x08005c8c                netif_set_gw
 .text.netif_set_netmask
                0x08005cb4       0x28 Utilities\lwip_v1.3.2\src\core\netif.o
                0x08005cb4                netif_set_netmask
 .text.netif_set_default
                0x08005cdc       0x1c Utilities\lwip_v1.3.2\src\core\netif.o
                0x08005cdc                netif_set_default
 .text.netif_set_up
                0x08005cf8       0x48 Utilities\lwip_v1.3.2\src\core\netif.o
                0x08005cf8                netif_set_up
 .text.netif_set_down
                0x08005d40       0x34 Utilities\lwip_v1.3.2\src\core\netif.o
                0x08005d40                netif_set_down
 .text.netif_is_up
                0x08005d74       0x28 Utilities\lwip_v1.3.2\src\core\netif.o
                0x08005d74                netif_is_up
 .text.memp_init
                0x08005d9c       0x98 Utilities\lwip_v1.3.2\src\core\memp.o
                0x08005d9c                memp_init
 .text.memp_malloc
                0x08005e34       0x44 Utilities\lwip_v1.3.2\src\core\memp.o
                0x08005e34                memp_malloc
 .text.memp_free
                0x08005e78       0x3c Utilities\lwip_v1.3.2\src\core\memp.o
                0x08005e78                memp_free
 .text.plug_holes
                0x08005eb4       0xbc Utilities\lwip_v1.3.2\src\core\mem.o
 .text.mem_init
                0x08005f70       0x84 Utilities\lwip_v1.3.2\src\core\mem.o
                0x08005f70                mem_init
 .text.mem_free
                0x08005ff4       0x64 Utilities\lwip_v1.3.2\src\core\mem.o
                0x08005ff4                mem_free
 .text.mem_realloc
                0x08006058      0x17c Utilities\lwip_v1.3.2\src\core\mem.o
                0x08006058                mem_realloc
 .text.mem_malloc
                0x080061d4      0x14c Utilities\lwip_v1.3.2\src\core\mem.o
                0x080061d4                mem_malloc
 .text.ip_reass_free_complete_datagram
                0x08006320       0xb8 Utilities\lwip_v1.3.2\src\core\ipv4\ip_frag.o
 .text.ip_reass_remove_oldest_datagram
                0x080063d8       0xb8 Utilities\lwip_v1.3.2\src\core\ipv4\ip_frag.o
 .text.ip_reass_enqueue_new_datagram
                0x08006490       0x74 Utilities\lwip_v1.3.2\src\core\ipv4\ip_frag.o
 .text.ip_reass_dequeue_datagram
                0x08006504       0x38 Utilities\lwip_v1.3.2\src\core\ipv4\ip_frag.o
 .text.ip_reass_chain_frag_into_datagram_and_validate
                0x0800653c      0x20c Utilities\lwip_v1.3.2\src\core\ipv4\ip_frag.o
 .text.ip_reass
                0x08006748      0x264 Utilities\lwip_v1.3.2\src\core\ipv4\ip_frag.o
                0x08006748                ip_reass
 .text.ip_frag  0x080069ac      0x1a4 Utilities\lwip_v1.3.2\src\core\ipv4\ip_frag.o
                0x080069ac                ip_frag
 .text.ip_addr_isbroadcast
                0x08006b50       0x7c Utilities\lwip_v1.3.2\src\core\ipv4\ip_addr.o
                0x08006b50                ip_addr_isbroadcast
 .text.ip_route
                0x08006bcc       0x70 Utilities\lwip_v1.3.2\src\core\ipv4\ip.o
                0x08006bcc                ip_route
 .text.ip_input
                0x08006c3c      0x278 Utilities\lwip_v1.3.2\src\core\ipv4\ip.o
                0x08006c3c                ip_input
 .text.ip_output_if
                0x08006eb4      0x194 Utilities\lwip_v1.3.2\src\core\ipv4\ip.o
                0x08006eb4                ip_output_if
 .text.ip_output
                0x08007048       0x48 Utilities\lwip_v1.3.2\src\core\ipv4\ip.o
                0x08007048                ip_output
 .text.lwip_standard_chksum
                0x08007090       0x98 Utilities\lwip_v1.3.2\src\core\ipv4\inet_chksum.o
 .text.inet_chksum
                0x08007128       0x24 Utilities\lwip_v1.3.2\src\core\ipv4\inet_chksum.o
                0x08007128                inet_chksum
 .text.inet_chksum_pbuf
                0x0800714c       0x98 Utilities\lwip_v1.3.2\src\core\ipv4\inet_chksum.o
                0x0800714c                inet_chksum_pbuf
 .text.htons    0x080071e4       0x2c Utilities\lwip_v1.3.2\src\core\ipv4\inet.o
                0x080071e4                htons
 .text.ntohs    0x08007210       0x1c Utilities\lwip_v1.3.2\src\core\ipv4\inet.o
                0x08007210                ntohs
 .text.htonl    0x0800722c       0x34 Utilities\lwip_v1.3.2\src\core\ipv4\inet.o
                0x0800722c                htonl
 .text.ntohl    0x08007260       0x18 Utilities\lwip_v1.3.2\src\core\ipv4\inet.o
                0x08007260                ntohl
 .text.icmp_input
                0x08007278      0x200 Utilities\lwip_v1.3.2\src\core\ipv4\icmp.o
                0x08007278                icmp_input
 .text.icmp_dest_unreach
                0x08007478       0x20 Utilities\lwip_v1.3.2\src\core\ipv4\icmp.o
                0x08007478                icmp_dest_unreach
 .text.icmp_time_exceeded
                0x08007498       0x20 Utilities\lwip_v1.3.2\src\core\ipv4\icmp.o
                0x08007498                icmp_time_exceeded
 .text.icmp_send_response
                0x080074b8       0xa8 Utilities\lwip_v1.3.2\src\core\ipv4\icmp.o
 .text.autoip_handle_arp_conflict
                0x08007560       0x40 Utilities\lwip_v1.3.2\src\core\ipv4\autoip.o
 .text.autoip_create_addr
                0x080075a0       0x88 Utilities\lwip_v1.3.2\src\core\ipv4\autoip.o
 .text.autoip_arp_announce
                0x08007628       0x44 Utilities\lwip_v1.3.2\src\core\ipv4\autoip.o
 .text.autoip_start
                0x0800766c       0xac Utilities\lwip_v1.3.2\src\core\ipv4\autoip.o
                0x0800766c                autoip_start
 .text.autoip_start_probing
                0x08007718       0x88 Utilities\lwip_v1.3.2\src\core\ipv4\autoip.o
 .text.autoip_arp_reply
                0x080077a0       0xec Utilities\lwip_v1.3.2\src\core\ipv4\autoip.o
                0x080077a0                autoip_arp_reply
 .text.dhcp_arp_reply
                0x0800788c       0x40 Utilities\lwip_v1.3.2\src\core\dhcp.o
                0x0800788c                dhcp_arp_reply
 .text.dhcp_decline
                0x080078cc       0xd4 Utilities\lwip_v1.3.2\src\core\dhcp.o
 .text.dhcp_set_state
                0x080079a0       0x2c Utilities\lwip_v1.3.2\src\core\dhcp.o
 .text.dhcp_option
                0x080079cc       0x4c Utilities\lwip_v1.3.2\src\core\dhcp.o
 .text.dhcp_option_byte
                0x08007a18       0x30 Utilities\lwip_v1.3.2\src\core\dhcp.o
 .text.dhcp_option_long
                0x08007a48       0x8c Utilities\lwip_v1.3.2\src\core\dhcp.o
 .text.dhcp_create_request
                0x08007ad4      0x1e4 Utilities\lwip_v1.3.2\src\core\dhcp.o
 .text.dhcp_delete_request
                0x08007cb8       0x44 Utilities\lwip_v1.3.2\src\core\dhcp.o
 .text.dhcp_option_trailer
                0x08007cfc       0x60 Utilities\lwip_v1.3.2\src\core\dhcp.o
 .text.low_level_init
                0x08007d5c       0xb0 Utilities\lwip_v1.3.2\port\STM32F4x7\Standalone\ethernetif.o
 .text.low_level_output
                0x08007e0c       0x64 Utilities\lwip_v1.3.2\port\STM32F4x7\Standalone\ethernetif.o
 .text.low_level_input
                0x08007e70       0xf0 Utilities\lwip_v1.3.2\port\STM32F4x7\Standalone\ethernetif.o
 .text.ethernetif_input
                0x08007f60       0x48 Utilities\lwip_v1.3.2\port\STM32F4x7\Standalone\ethernetif.o
                0x08007f60                ethernetif_input
 .text.ethernetif_init
                0x08007fa8       0x40 Utilities\lwip_v1.3.2\port\STM32F4x7\Standalone\ethernetif.o
                0x08007fa8                ethernetif_init
 .text.Audio_MAL_IRQHandler
                0x08007fe8       0xf8 Utilities\STM32F4-Discovery\stm32f4_discovery_audio_codec.o
 .text.DMA1_Stream7_IRQHandler
                0x080080e0        0xc Utilities\STM32F4-Discovery\stm32f4_discovery_audio_codec.o
                0x080080e0                DMA1_Stream7_IRQHandler
 .text.DMA1_Stream0_IRQHandler
                0x080080ec        0xc Utilities\STM32F4-Discovery\stm32f4_discovery_audio_codec.o
                0x080080ec                DMA1_Stream0_IRQHandler
 .text.SPI3_IRQHandler
                0x080080f8       0x40 Utilities\STM32F4-Discovery\stm32f4_discovery_audio_codec.o
                0x080080f8                SPI3_IRQHandler
 .text.STM_EVAL_PBInit
                0x08008138       0x94 Utilities\STM32F4-Discovery\stm32f4_discovery.o
                0x08008138                STM_EVAL_PBInit
 .text.SYSCFG_EXTILineConfig
                0x080081cc       0x7c Libraries\STM32F4xx_StdPeriph_Driver\src\stm32f4xx_syscfg.o
                0x080081cc                SYSCFG_EXTILineConfig
 .text.SYSCFG_ETH_MediaInterfaceConfig
                0x08008248       0x1c Libraries\STM32F4xx_StdPeriph_Driver\src\stm32f4xx_syscfg.o
                0x08008248                SYSCFG_ETH_MediaInterfaceConfig
 .text.SPI_I2S_SendData
                0x08008264       0x1c Libraries\STM32F4xx_StdPeriph_Driver\src\stm32f4xx_spi.o
                0x08008264                SPI_I2S_SendData
 .text.SPI_I2S_GetFlagStatus
                0x08008280       0x38 Libraries\STM32F4xx_StdPeriph_Driver\src\stm32f4xx_spi.o
                0x08008280                SPI_I2S_GetFlagStatus
 .text.RCC_GetClocksFreq
                0x080082b8      0x154 Libraries\STM32F4xx_StdPeriph_Driver\src\stm32f4xx_rcc.o
                0x080082b8                RCC_GetClocksFreq
 .text.RCC_AHB1PeriphClockCmd
                0x0800840c       0x3c Libraries\STM32F4xx_StdPeriph_Driver\src\stm32f4xx_rcc.o
                0x0800840c                RCC_AHB1PeriphClockCmd
 .text.RCC_APB2PeriphClockCmd
                0x08008448       0x3c Libraries\STM32F4xx_StdPeriph_Driver\src\stm32f4xx_rcc.o
                0x08008448                RCC_APB2PeriphClockCmd
 .text.RCC_AHB1PeriphResetCmd
                0x08008484       0x3c Libraries\STM32F4xx_StdPeriph_Driver\src\stm32f4xx_rcc.o
                0x08008484                RCC_AHB1PeriphResetCmd
 .text.GPIO_Init
                0x080084c0      0x11c Libraries\STM32F4xx_StdPeriph_Driver\src\stm32f4xx_gpio.o
                0x080084c0                GPIO_Init
 .text.GPIO_ReadInputDataBit
                0x080085dc       0x34 Libraries\STM32F4xx_StdPeriph_Driver\src\stm32f4xx_gpio.o
                0x080085dc                GPIO_ReadInputDataBit
 .text.GPIO_SetBits
                0x08008610       0x1c Libraries\STM32F4xx_StdPeriph_Driver\src\stm32f4xx_gpio.o
                0x08008610                GPIO_SetBits
 .text.GPIO_ResetBits
                0x0800862c       0x1c Libraries\STM32F4xx_StdPeriph_Driver\src\stm32f4xx_gpio.o
                0x0800862c                GPIO_ResetBits
 .text.GPIO_PinAFConfig
                0x08008648       0x8c Libraries\STM32F4xx_StdPeriph_Driver\src\stm32f4xx_gpio.o
                0x08008648                GPIO_PinAFConfig
 .text.EXTI_Init
                0x080086d4       0xdc Libraries\STM32F4xx_StdPeriph_Driver\src\stm32f4xx_exti.o
                0x080086d4                EXTI_Init
 .text.EXTI_GetITStatus
                0x080087b0       0x48 Libraries\STM32F4xx_StdPeriph_Driver\src\stm32f4xx_exti.o
                0x080087b0                EXTI_GetITStatus
 .text.EXTI_ClearITPendingBit
                0x080087f8       0x1c Libraries\STM32F4xx_StdPeriph_Driver\src\stm32f4xx_exti.o
                0x080087f8                EXTI_ClearITPendingBit
 .text.DMA_Init
                0x08008814       0xac Libraries\STM32F4xx_StdPeriph_Driver\src\stm32f4xx_dma.o
                0x08008814                DMA_Init
 .text.DMA_Cmd  0x080088c0       0x38 Libraries\STM32F4xx_StdPeriph_Driver\src\stm32f4xx_dma.o
                0x080088c0                DMA_Cmd
 .text.DMA_GetCmdStatus
                0x080088f8       0x30 Libraries\STM32F4xx_StdPeriph_Driver\src\stm32f4xx_dma.o
                0x080088f8                DMA_GetCmdStatus
 .text.DMA_GetFlagStatus
                0x08008928       0x78 Libraries\STM32F4xx_StdPeriph_Driver\src\stm32f4xx_dma.o
                0x08008928                DMA_GetFlagStatus
 .text.DMA_ClearFlag
                0x080089a0       0x5c Libraries\STM32F4xx_StdPeriph_Driver\src\stm32f4xx_dma.o
                0x080089a0                DMA_ClearFlag
 .text.DAC_SetChannel1Data
                0x080089fc       0x34 Libraries\STM32F4xx_StdPeriph_Driver\src\stm32f4xx_dac.o
                0x080089fc                DAC_SetChannel1Data
 .text.NVIC_Init
                0x08008a30       0xbc Libraries\STM32F4xx_StdPeriph_Driver\src\misc.o
                0x08008a30                NVIC_Init
 .text.SysTick_CLKSourceConfig
                0x08008aec       0x38 Libraries\STM32F4xx_StdPeriph_Driver\src\misc.o
                0x08008aec                SysTick_CLKSourceConfig
 .text.ETH_Delay
                0x08008b24       0x28 Libraries\STM32F4x7_ETH_Driver\src\stm32f4x7_eth.o
 .text.ETH_DeInit
                0x08008b4c       0x1c Libraries\STM32F4x7_ETH_Driver\src\stm32f4x7_eth.o
                0x08008b4c                ETH_DeInit
 .text.ETH_StructInit
                0x08008b68      0x15c Libraries\STM32F4x7_ETH_Driver\src\stm32f4x7_eth.o
                0x08008b68                ETH_StructInit
 .text.ETH_Init
                0x08008cc4      0x414 Libraries\STM32F4x7_ETH_Driver\src\stm32f4x7_eth.o
                0x08008cc4                ETH_Init
 .text.ETH_Start
                0x080090d8       0x24 Libraries\STM32F4x7_ETH_Driver\src\stm32f4x7_eth.o
                0x080090d8                ETH_Start
 .text.ETH_MACTransmissionCmd
                0x080090fc       0x38 Libraries\STM32F4x7_ETH_Driver\src\stm32f4x7_eth.o
                0x080090fc                ETH_MACTransmissionCmd
 .text.ETH_MACReceptionCmd
                0x08009134       0x38 Libraries\STM32F4x7_ETH_Driver\src\stm32f4x7_eth.o
                0x08009134                ETH_MACReceptionCmd
 .text.ETH_MACAddressConfig
                0x0800916c       0x68 Libraries\STM32F4x7_ETH_Driver\src\stm32f4x7_eth.o
                0x0800916c                ETH_MACAddressConfig
 .text.ETH_Get_Received_Frame
                0x080091d4       0x80 Libraries\STM32F4x7_ETH_Driver\src\stm32f4x7_eth.o
                0x080091d4                ETH_Get_Received_Frame
 .text.ETH_Prepare_Transmit_Descriptors
                0x08009254      0x16c Libraries\STM32F4x7_ETH_Driver\src\stm32f4x7_eth.o
                0x08009254                ETH_Prepare_Transmit_Descriptors
 .text.ETH_DMARxDescChainInit
                0x080093c0       0xa8 Libraries\STM32F4x7_ETH_Driver\src\stm32f4x7_eth.o
                0x080093c0                ETH_DMARxDescChainInit
 .text.ETH_CheckFrameReceived
                0x08009468       0xd4 Libraries\STM32F4x7_ETH_Driver\src\stm32f4x7_eth.o
                0x08009468                ETH_CheckFrameReceived
 .text.ETH_DMATxDescChainInit
                0x0800953c       0x90 Libraries\STM32F4x7_ETH_Driver\src\stm32f4x7_eth.o
                0x0800953c                ETH_DMATxDescChainInit
 .text.ETH_DMATxDescChecksumInsertionConfig
                0x080095cc       0x20 Libraries\STM32F4x7_ETH_Driver\src\stm32f4x7_eth.o
                0x080095cc                ETH_DMATxDescChecksumInsertionConfig
 .text.ETH_SoftwareReset
                0x080095ec       0x24 Libraries\STM32F4x7_ETH_Driver\src\stm32f4x7_eth.o
                0x080095ec                ETH_SoftwareReset
 .text.ETH_GetSoftwareResetStatus
                0x08009610       0x38 Libraries\STM32F4x7_ETH_Driver\src\stm32f4x7_eth.o
                0x08009610                ETH_GetSoftwareResetStatus
 .text.ETH_FlushTransmitFIFO
                0x08009648       0x28 Libraries\STM32F4x7_ETH_Driver\src\stm32f4x7_eth.o
                0x08009648                ETH_FlushTransmitFIFO
 .text.ETH_DMATransmissionCmd
                0x08009670       0x50 Libraries\STM32F4x7_ETH_Driver\src\stm32f4x7_eth.o
                0x08009670                ETH_DMATransmissionCmd
 .text.ETH_DMAReceptionCmd
                0x080096c0       0x50 Libraries\STM32F4x7_ETH_Driver\src\stm32f4x7_eth.o
                0x080096c0                ETH_DMAReceptionCmd
 .text.ETH_ReadPHYRegister
                0x08009710       0x9c Libraries\STM32F4x7_ETH_Driver\src\stm32f4x7_eth.o
                0x08009710                ETH_ReadPHYRegister
 .text.ETH_WritePHYRegister
                0x080097ac       0xa4 Libraries\STM32F4x7_ETH_Driver\src\stm32f4x7_eth.o
                0x080097ac                ETH_WritePHYRegister
 .text.__libc_init_array
                0x08009850       0x4c c:/program files (x86)/atollic/truestudio for arm 5.4.0/armtools/bin/../lib/gcc/arm-atollic-eabi/4.8.3/../../../../arm-atollic-eabi/lib/armv7e-m/fpu\libc.a(lib_a-init.o)
                0x08009850                __libc_init_array
 .text.memcmp   0x0800989c       0x1e c:/program files (x86)/atollic/truestudio for arm 5.4.0/armtools/bin/../lib/gcc/arm-atollic-eabi/4.8.3/../../../../arm-atollic-eabi/lib/armv7e-m/fpu\libc.a(lib_a-memcmp.o)
                0x0800989c                memcmp
 .text.memcpy   0x080098ba       0x12 c:/program files (x86)/atollic/truestudio for arm 5.4.0/armtools/bin/../lib/gcc/arm-atollic-eabi/4.8.3/../../../../arm-atollic-eabi/lib/armv7e-m/fpu\libc.a(lib_a-memcpy-stub.o)
                0x080098ba                memcpy
 .text.memset   0x080098cc       0x10 c:/program files (x86)/atollic/truestudio for arm 5.4.0/armtools/bin/../lib/gcc/arm-atollic-eabi/4.8.3/../../../../arm-atollic-eabi/lib/armv7e-m/fpu\libc.a(lib_a-memset.o)
                0x080098cc                memset
 .text.strlen   0x080098dc       0x10 c:/program files (x86)/atollic/truestudio for arm 5.4.0/armtools/bin/../lib/gcc/arm-atollic-eabi/4.8.3/../../../../arm-atollic-eabi/lib/armv7e-m/fpu\libc.a(lib_a-strlen.o)
                0x080098dc                strlen
 *(.rodata)
 .rodata        0x080098ec       0x20 src\udp_echoclient.o
 *(.rodata*)
 .rodata.ethbroadcast
                0x0800990c        0x8 Utilities\lwip_v1.3.2\src\netif\etharp.o
                0x0800990c                ethbroadcast
 .rodata.ethzero
                0x08009914        0x8 Utilities\lwip_v1.3.2\src\netif\etharp.o
                0x08009914                ethzero
 .rodata.tcp_backoff
                0x0800991c       0x10 Utilities\lwip_v1.3.2\src\core\tcp.o
                0x0800991c                tcp_backoff
 .rodata.tcp_persist_backoff
                0x0800992c        0x8 Utilities\lwip_v1.3.2\src\core\tcp.o
                0x0800992c                tcp_persist_backoff
 .rodata.memp_sizes
                0x08009934       0x14 Utilities\lwip_v1.3.2\src\core\memp.o
 .rodata.memp_num
                0x08009948       0x14 Utilities\lwip_v1.3.2\src\core\memp.o
 .rodata.ip_addr_broadcast
                0x0800995c        0x4 Utilities\lwip_v1.3.2\src\core\ipv4\ip_addr.o
                0x0800995c                ip_addr_broadcast
 *(.glue_7)
 .glue_7        0x00000000        0x0 linker stubs
 *(.glue_7t)
 .glue_7t       0x00000000        0x0 linker stubs
 *(.eh_frame)
 .eh_frame      0x08009960        0x0 c:/program files (x86)/atollic/truestudio for arm 5.4.0/armtools/bin/../lib/gcc/arm-atollic-eabi/4.8.3/armv7e-m/fpu/crtbegin.o
 *(.init)
 .init          0x08009960        0x4 c:/program files (x86)/atollic/truestudio for arm 5.4.0/armtools/bin/../lib/gcc/arm-atollic-eabi/4.8.3/armv7e-m/fpu/crti.o
                0x08009960                _init
 .init          0x08009964        0x8 c:/program files (x86)/atollic/truestudio for arm 5.4.0/armtools/bin/../lib/gcc/arm-atollic-eabi/4.8.3/armv7e-m/fpu/crtn.o
 *(.fini)
 .fini          0x0800996c        0x4 c:/program files (x86)/atollic/truestudio for arm 5.4.0/armtools/bin/../lib/gcc/arm-atollic-eabi/4.8.3/armv7e-m/fpu/crti.o
                0x0800996c                _fini
 .fini          0x08009970        0x8 c:/program files (x86)/atollic/truestudio for arm 5.4.0/armtools/bin/../lib/gcc/arm-atollic-eabi/4.8.3/armv7e-m/fpu/crtn.o
                0x08009978                . = ALIGN (0x4)
                0x08009978                _etext = .

.vfp11_veneer   0x08009978        0x0
 .vfp11_veneer  0x00000000        0x0 linker stubs

.v4_bx          0x08009978        0x0
 .v4_bx         0x00000000        0x0 linker stubs

.iplt           0x08009978        0x0
 .iplt          0x00000000        0x0 c:/program files (x86)/atollic/truestudio for arm 5.4.0/armtools/bin/../lib/gcc/arm-atollic-eabi/4.8.3/armv7e-m/fpu/crtbegin.o

.rel.dyn        0x08009978        0x0
 .rel.iplt      0x00000000        0x0 c:/program files (x86)/atollic/truestudio for arm 5.4.0/armtools/bin/../lib/gcc/arm-atollic-eabi/4.8.3/armv7e-m/fpu/crtbegin.o

.ARM.extab
 *(.ARM.extab* .gnu.linkonce.armextab.*)

.ARM            0x08009978        0x0
                0x08009978                __exidx_start = .
 *(.ARM.exidx*)
                0x08009978                __exidx_end = .

.preinit_array  0x08009978        0x0
                0x08009978                PROVIDE (__preinit_array_start, .)
 *(.preinit_array*)
                0x08009978                PROVIDE (__preinit_array_end, .)

.init_array     0x08009978        0x4
                0x08009978                PROVIDE (__init_array_start, .)
 *(SORT(.init_array.*))
 *(.init_array*)
 .init_array    0x08009978        0x4 c:/program files (x86)/atollic/truestudio for arm 5.4.0/armtools/bin/../lib/gcc/arm-atollic-eabi/4.8.3/armv7e-m/fpu/crtbegin.o
                0x0800997c                PROVIDE (__init_array_end, .)

.fini_array     0x0800997c        0x4
                0x0800997c                PROVIDE (__fini_array_start, .)
 *(SORT(.fini_array.*))
 *(.fini_array*)
 .fini_array    0x0800997c        0x4 c:/program files (x86)/atollic/truestudio for arm 5.4.0/armtools/bin/../lib/gcc/arm-atollic-eabi/4.8.3/armv7e-m/fpu/crtbegin.o
                0x08009980                PROVIDE (__fini_array_end, .)
                0x08009980                _sidata = LOADADDR (.data)

.data           0x20000000       0x2c load address 0x08009980
                0x20000000                . = ALIGN (0x4)
                0x20000000                _sdata = .
 *(.data)
 *(.data*)
 .data.iss.5998
                0x20000000        0x4 Utilities\lwip_v1.3.2\src\core\tcp.o
 .data.xid.5823
                0x20000004        0x4 Utilities\lwip_v1.3.2\src\core\dhcp.o
 .data.AudioRemSize
                0x20000008        0x4 Utilities\STM32F4-Discovery\stm32f4_discovery_audio_codec.o
                0x20000008                AudioRemSize
 .data.CurrAudioInterface
                0x2000000c        0x4 Utilities\STM32F4-Discovery\stm32f4_discovery_audio_codec.o
                0x2000000c                CurrAudioInterface
 .data.AUDIO_MAL_DMA_STREAM
                0x20000010        0x4 Utilities\STM32F4-Discovery\stm32f4_discovery_audio_codec.o
                0x20000010                AUDIO_MAL_DMA_STREAM
 .data.AUDIO_MAL_DMA_FLAG_TC
                0x20000014        0x4 Utilities\STM32F4-Discovery\stm32f4_discovery_audio_codec.o
                0x20000014                AUDIO_MAL_DMA_FLAG_TC
 .data.BUTTON_PORT
                0x20000018        0x4 Utilities\STM32F4-Discovery\stm32f4_discovery.o
                0x20000018                BUTTON_PORT
 .data.APBAHBPrescTable
                0x2000001c       0x10 Libraries\STM32F4xx_StdPeriph_Driver\src\stm32f4xx_rcc.o
                0x2000002c                . = ALIGN (0x4)
                0x2000002c                _edata = .
                0x080099ac                _siccmram = LOADADDR (.ccmram)

.igot.plt       0x2000002c        0x0 load address 0x080099ac
 .igot.plt      0x00000000        0x0 c:/program files (x86)/atollic/truestudio for arm 5.4.0/armtools/bin/../lib/gcc/arm-atollic-eabi/4.8.3/armv7e-m/fpu/crtbegin.o

.ccmram         0x10000000        0x0 load address 0x080099ac
                0x10000000                . = ALIGN (0x4)
                0x10000000                _sccmram = .
 *(.ccmram)
 *(.ccmram*)
                0x10000000                . = ALIGN (0x4)
                0x10000000                _eccmram = .
                0x10000000                . = ALIGN (0x4)

.bss            0x2000002c     0xbb18
                0x2000002c                _sbss = .
                0x2000002c                __bss_start__ = _sbss
 *(.bss)
 .bss           0x2000002c       0x1c c:/program files (x86)/atollic/truestudio for arm 5.4.0/armtools/bin/../lib/gcc/arm-atollic-eabi/4.8.3/armv7e-m/fpu/crtbegin.o
 *(.bss*)
 .bss.message_count
                0x20000048        0x4 src\udp_echoclient.o
                0x20000048                message_count
 .bss.Flag      0x2000004c        0x1 src\udp_echoclient.o
                0x2000004c                Flag
 *fill*         0x2000004d        0x3 
 .bss.EthInitStatus
                0x20000050        0x4 src\stm32f4x7_eth_bsp.o
                0x20000050                EthInitStatus
 .bss.TCPTimer  0x20000054        0x4 src\netconf.o
                0x20000054                TCPTimer
 .bss.ARPTimer  0x20000058        0x4 src\netconf.o
                0x20000058                ARPTimer
 .bss.LocalTime
                0x2000005c        0x4 src\main.o
                0x2000005c                LocalTime
 .bss.arp_table
                0x20000060       0xc8 Utilities\lwip_v1.3.2\src\netif\etharp.o
 .bss.etharp_cached_entry
                0x20000128        0x1 Utilities\lwip_v1.3.2\src\netif\etharp.o
 *fill*         0x20000129        0x3 
 .bss.inseg     0x2000012c       0x14 Utilities\lwip_v1.3.2\src\core\tcp_in.o
 .bss.tcphdr    0x20000140        0x4 Utilities\lwip_v1.3.2\src\core\tcp_in.o
 .bss.iphdr     0x20000144        0x4 Utilities\lwip_v1.3.2\src\core\tcp_in.o
 .bss.seqno     0x20000148        0x4 Utilities\lwip_v1.3.2\src\core\tcp_in.o
 .bss.ackno     0x2000014c        0x4 Utilities\lwip_v1.3.2\src\core\tcp_in.o
 .bss.flags     0x20000150        0x1 Utilities\lwip_v1.3.2\src\core\tcp_in.o
 *fill*         0x20000151        0x1 
 .bss.tcplen    0x20000152        0x2 Utilities\lwip_v1.3.2\src\core\tcp_in.o
 .bss.recv_flags
                0x20000154        0x1 Utilities\lwip_v1.3.2\src\core\tcp_in.o
 *fill*         0x20000155        0x3 
 .bss.recv_data
                0x20000158        0x4 Utilities\lwip_v1.3.2\src\core\tcp_in.o
 .bss.tcp_timer
                0x2000015c        0x1 Utilities\lwip_v1.3.2\src\core\tcp.o
 *fill*         0x2000015d        0x3 
 .bss.raw_pcbs  0x20000160        0x4 Utilities\lwip_v1.3.2\src\core\raw.o
 .bss.netifnum.5712
                0x20000164        0x1 Utilities\lwip_v1.3.2\src\core\netif.o
 *fill*         0x20000165        0x3 
 .bss.memp_tab  0x20000168       0x24 Utilities\lwip_v1.3.2\src\core\memp.o
 .bss.memp_memory
                0x2000018c     0x4d6c Utilities\lwip_v1.3.2\src\core\memp.o
 .bss.ram_heap  0x20004ef8     0x2814 Utilities\lwip_v1.3.2\src\core\mem.o
 .bss.ram       0x2000770c        0x4 Utilities\lwip_v1.3.2\src\core\mem.o
 .bss.ram_end   0x20007710        0x4 Utilities\lwip_v1.3.2\src\core\mem.o
 .bss.lfree     0x20007714        0x4 Utilities\lwip_v1.3.2\src\core\mem.o
 .bss.mem_sem   0x20007718        0x1 Utilities\lwip_v1.3.2\src\core\mem.o
 *fill*         0x20007719        0x3 
 .bss.reassdatagrams
                0x2000771c        0x4 Utilities\lwip_v1.3.2\src\core\ipv4\ip_frag.o
 .bss.ip_reass_pbufcount
                0x20007720        0x2 Utilities\lwip_v1.3.2\src\core\ipv4\ip_frag.o
 *fill*         0x20007722        0x2 
 .bss.buf       0x20007724      0x5e0 Utilities\lwip_v1.3.2\src\core\ipv4\ip_frag.o
 .bss.ip_id.5925
                0x20007d04        0x2 Utilities\lwip_v1.3.2\src\core\ipv4\ip.o
 *(COMMON)
 *fill*         0x20007d06        0x2 
 COMMON         0x20007d08       0x68 src\udp_echoclient.o
                0x20007d08                upcb
                0x20007d0c                data
 COMMON         0x20007d70       0x38 src\netconf.o
                0x20007d70                netif
 COMMON         0x20007da8        0xc src\main.o
                0x20007da8                Button_Flag
                0x20007dac                Button_TimerBack
                0x20007db0                timingdelay
 COMMON         0x20007db4        0x4 Utilities\lwip_v1.3.2\src\core\udp.o
                0x20007db4                udp_pcbs
 COMMON         0x20007db8        0x4 Utilities\lwip_v1.3.2\src\core\tcp_in.o
                0x20007db8                tcp_input_pcb
 COMMON         0x20007dbc       0x18 Utilities\lwip_v1.3.2\src\core\tcp.o
                0x20007dbc                tcp_active_pcbs
                0x20007dc0                tcp_ticks
                0x20007dc4                tcp_listen_pcbs
                0x20007dc8                tcp_tmp_pcb
                0x20007dcc                tcp_bound_pcbs
                0x20007dd0                tcp_tw_pcbs
 COMMON         0x20007dd4        0x8 Utilities\lwip_v1.3.2\src\core\netif.o
                0x20007dd4                netif_list
                0x20007dd8                netif_default
 COMMON         0x20007ddc        0x8 Utilities\lwip_v1.3.2\src\core\ipv4\ip.o
                0x20007ddc                current_netif
                0x20007de0                current_header
 COMMON         0x20007de4       0x7c Utilities\STM32F4-Discovery\stm32f4_discovery_audio_codec.o
                0x20007de4                CurrentPos
                0x20007de8                AUDIO_MAL_DMA_InitStructure
                0x20007e24                DMA_InitStructure
 COMMON         0x20007e60     0x3ce4 Libraries\STM32F4x7_ETH_Driver\src\stm32f4x7_eth.o
                0x20007e60                RX_Frame_Descriptor
                0x20007e6c                DMARxDescToGet
                0x20007e70                DMATxDescToSet
                0x20007e74                DMATxDscrTab
                0x20007f14                Rx_Buff
                0x20009cd8                Frame_Rx_index
                0x20009cdc                DMA_RX_FRAME_infos
                0x20009ce0                DMARxDscrTab
                0x20009d80                Tx_Buff
                0x2000bb44                . = ALIGN (0x4)
                0x2000bb44                _ebss = .
                0x2000bb44                __bss_end__ = _ebss

._user_heap_stack
                0x2000bb44      0x400
                0x2000bb44                . = ALIGN (0x4)
                0x2000bb44                PROVIDE (end, .)
                0x2000bb44                PROVIDE (_end, .)
                0x2000bb44                . = (. + _Min_Heap_Size)
                0x2000bf44                . = (. + _Min_Stack_Size)
 *fill*         0x2000bb44      0x400 
                0x2000bf44                . = ALIGN (0x4)

.memory_b1_text
 *(.mb1text)
 *(.mb1text*)
 *(.mb1rodata)
 *(.mb1rodata*)

/DISCARD/
 libc.a(*)
 libm.a(*)
 libgcc.a(*)

.ARM.attributes
                0x00000000       0x30
 *(.ARM.attributes)
 .ARM.attributes
                0x00000000       0x22 c:/program files (x86)/atollic/truestudio for arm 5.4.0/armtools/bin/../lib/gcc/arm-atollic-eabi/4.8.3/armv7e-m/fpu/crti.o
 .ARM.attributes
                0x00000022       0x34 c:/program files (x86)/atollic/truestudio for arm 5.4.0/armtools/bin/../lib/gcc/arm-atollic-eabi/4.8.3/armv7e-m/fpu/crtbegin.o
 .ARM.attributes
                0x00000056       0x39 src\udp_echoclient.o
 .ARM.attributes
                0x0000008f       0x39 src\tiny_printf.o
 .ARM.attributes
                0x000000c8       0x39 src\system_stm32f4xx.o
 .ARM.attributes
                0x00000101       0x39 src\stm32f4xx_it.o
 .ARM.attributes
                0x0000013a       0x39 src\stm32f4x7_eth_bsp.o
 .ARM.attributes
                0x00000173       0x21 src\startup_stm32f4xx.o
 .ARM.attributes
                0x00000194       0x39 src\netconf.o
 .ARM.attributes
                0x000001cd       0x39 src\main.o
 .ARM.attributes
                0x00000206       0x39 src\STM32F4-Discovery_callback.o
 .ARM.attributes
                0x0000023f       0x39 Utilities\lwip_v1.3.2\src\netif\etharp.o
 .ARM.attributes
                0x00000278       0x39 Utilities\lwip_v1.3.2\src\core\udp.o
 .ARM.attributes
                0x000002b1       0x39 Utilities\lwip_v1.3.2\src\core\tcp_out.o
 .ARM.attributes
                0x000002ea       0x39 Utilities\lwip_v1.3.2\src\core\tcp_in.o
 .ARM.attributes
                0x00000323       0x39 Utilities\lwip_v1.3.2\src\core\tcp.o
 .ARM.attributes
                0x0000035c       0x39 Utilities\lwip_v1.3.2\src\core\raw.o
 .ARM.attributes
                0x00000395       0x39 Utilities\lwip_v1.3.2\src\core\pbuf.o
 .ARM.attributes
                0x000003ce       0x39 Utilities\lwip_v1.3.2\src\core\netif.o
 .ARM.attributes
                0x00000407       0x39 Utilities\lwip_v1.3.2\src\core\memp.o
 .ARM.attributes
                0x00000440       0x39 Utilities\lwip_v1.3.2\src\core\mem.o
 .ARM.attributes
                0x00000479       0x39 Utilities\lwip_v1.3.2\src\core\ipv4\ip_frag.o
 .ARM.attributes
                0x000004b2       0x39 Utilities\lwip_v1.3.2\src\core\ipv4\ip_addr.o
 .ARM.attributes
                0x000004eb       0x39 Utilities\lwip_v1.3.2\src\core\ipv4\ip.o
 .ARM.attributes
                0x00000524       0x39 Utilities\lwip_v1.3.2\src\core\ipv4\inet_chksum.o
 .ARM.attributes
                0x0000055d       0x39 Utilities\lwip_v1.3.2\src\core\ipv4\inet.o
 .ARM.attributes
                0x00000596       0x39 Utilities\lwip_v1.3.2\src\core\ipv4\icmp.o
 .ARM.attributes
                0x000005cf       0x39 Utilities\lwip_v1.3.2\src\core\ipv4\autoip.o
 .ARM.attributes
                0x00000608       0x39 Utilities\lwip_v1.3.2\src\core\dhcp.o
 .ARM.attributes
                0x00000641       0x39 Utilities\lwip_v1.3.2\port\STM32F4x7\Standalone\ethernetif.o
 .ARM.attributes
                0x0000067a       0x39 Utilities\STM32F4-Discovery\stm32f4_discovery_audio_codec.o
 .ARM.attributes
                0x000006b3       0x39 Utilities\STM32F4-Discovery\stm32f4_discovery.o
 .ARM.attributes
                0x000006ec       0x39 Libraries\STM32F4xx_StdPeriph_Driver\src\stm32f4xx_syscfg.o
 .ARM.attributes
                0x00000725       0x39 Libraries\STM32F4xx_StdPeriph_Driver\src\stm32f4xx_spi.o
 .ARM.attributes
                0x0000075e       0x39 Libraries\STM32F4xx_StdPeriph_Driver\src\stm32f4xx_rcc.o
 .ARM.attributes
                0x00000797       0x39 Libraries\STM32F4xx_StdPeriph_Driver\src\stm32f4xx_gpio.o
 .ARM.attributes
                0x000007d0       0x39 Libraries\STM32F4xx_StdPeriph_Driver\src\stm32f4xx_exti.o
 .ARM.attributes
                0x00000809       0x39 Libraries\STM32F4xx_StdPeriph_Driver\src\stm32f4xx_dma.o
 .ARM.attributes
                0x00000842       0x39 Libraries\STM32F4xx_StdPeriph_Driver\src\stm32f4xx_dac.o
 .ARM.attributes
                0x0000087b       0x39 Libraries\STM32F4xx_StdPeriph_Driver\src\misc.o
 .ARM.attributes
                0x000008b4       0x39 Libraries\STM32F4x7_ETH_Driver\src\stm32f4x7_eth.o
 .ARM.attributes
                0x000008ed       0x34 c:/program files (x86)/atollic/truestudio for arm 5.4.0/armtools/bin/../lib/gcc/arm-atollic-eabi/4.8.3/../../../../arm-atollic-eabi/lib/armv7e-m/fpu\libc.a(lib_a-init.o)
 .ARM.attributes
                0x00000921       0x34 c:/program files (x86)/atollic/truestudio for arm 5.4.0/armtools/bin/../lib/gcc/arm-atollic-eabi/4.8.3/../../../../arm-atollic-eabi/lib/armv7e-m/fpu\libc.a(lib_a-memcmp.o)
 .ARM.attributes
                0x00000955       0x34 c:/program files (x86)/atollic/truestudio for arm 5.4.0/armtools/bin/../lib/gcc/arm-atollic-eabi/4.8.3/../../../../arm-atollic-eabi/lib/armv7e-m/fpu\libc.a(lib_a-memcpy-stub.o)
 .ARM.attributes
                0x00000989       0x34 c:/program files (x86)/atollic/truestudio for arm 5.4.0/armtools/bin/../lib/gcc/arm-atollic-eabi/4.8.3/../../../../arm-atollic-eabi/lib/armv7e-m/fpu\libc.a(lib_a-memset.o)
 .ARM.attributes
                0x000009bd       0x34 c:/program files (x86)/atollic/truestudio for arm 5.4.0/armtools/bin/../lib/gcc/arm-atollic-eabi/4.8.3/../../../../arm-atollic-eabi/lib/armv7e-m/fpu\libc.a(lib_a-strlen.o)
 .ARM.attributes
                0x000009f1       0x22 c:/program files (x86)/atollic/truestudio for arm 5.4.0/armtools/bin/../lib/gcc/arm-atollic-eabi/4.8.3/armv7e-m/fpu/crtn.o
OUTPUT(STM32F4_Disco_BB_UDP_Example.elf elf32-littlearm)

.debug_info     0x00000000    0x138aa
 .debug_info    0x00000000      0x380 src\udp_echoclient.o
 .debug_info    0x00000380      0xa9d src\tiny_printf.o
 .debug_info    0x00000e1d      0x596 src\system_stm32f4xx.o
 .debug_info    0x000013b3      0x170 src\stm32f4xx_it.o
 .debug_info    0x00001523      0xb7e src\stm32f4x7_eth_bsp.o
 .debug_info    0x000020a1       0x81 src\startup_stm32f4xx.o
 .debug_info    0x00002122      0x6db src\netconf.o
 .debug_info    0x000027fd      0x285 src\main.o
 .debug_info    0x00002a82      0x122 src\STM32F4-Discovery_callback.o
 .debug_info    0x00002ba4      0xef1 Utilities\lwip_v1.3.2\src\netif\etharp.o
 .debug_info    0x00003a95      0xabb Utilities\lwip_v1.3.2\src\core\udp.o
 .debug_info    0x00004550      0xcde Utilities\lwip_v1.3.2\src\core\tcp_out.o
 .debug_info    0x0000522e      0xbeb Utilities\lwip_v1.3.2\src\core\tcp_in.o
 .debug_info    0x00005e19     0x1143 Utilities\lwip_v1.3.2\src\core\tcp.o
 .debug_info    0x00006f5c      0x690 Utilities\lwip_v1.3.2\src\core\raw.o
 .debug_info    0x000075ec      0x667 Utilities\lwip_v1.3.2\src\core\pbuf.o
 .debug_info    0x00007c53      0xe3c Utilities\lwip_v1.3.2\src\core\netif.o
 .debug_info    0x00008a8f      0x253 Utilities\lwip_v1.3.2\src\core\memp.o
 .debug_info    0x00008ce2      0x345 Utilities\lwip_v1.3.2\src\core\mem.o
 .debug_info    0x00009027      0x8a9 Utilities\lwip_v1.3.2\src\core\ipv4\ip_frag.o
 .debug_info    0x000098d0      0x2ff Utilities\lwip_v1.3.2\src\core\ipv4\ip_addr.o
 .debug_info    0x00009bcf      0x8ba Utilities\lwip_v1.3.2\src\core\ipv4\ip.o
 .debug_info    0x0000a489      0x2a0 Utilities\lwip_v1.3.2\src\core\ipv4\inet_chksum.o
 .debug_info    0x0000a729      0x2e1 Utilities\lwip_v1.3.2\src\core\ipv4\inet.o
 .debug_info    0x0000aa0a      0x591 Utilities\lwip_v1.3.2\src\core\ipv4\icmp.o
 .debug_info    0x0000af9b      0x653 Utilities\lwip_v1.3.2\src\core\ipv4\autoip.o
 .debug_info    0x0000b5ee     0x1057 Utilities\lwip_v1.3.2\src\core\dhcp.o
 .debug_info    0x0000c645      0xa72 Utilities\lwip_v1.3.2\port\STM32F4x7\Standalone\ethernetif.o
 .debug_info    0x0000d0b7     0x1076 Utilities\STM32F4-Discovery\stm32f4_discovery_audio_codec.o
 .debug_info    0x0000e12d      0x88d Utilities\STM32F4-Discovery\stm32f4_discovery.o
 .debug_info    0x0000e9ba      0x270 Libraries\STM32F4xx_StdPeriph_Driver\src\stm32f4xx_syscfg.o
 .debug_info    0x0000ec2a      0xb0b Libraries\STM32F4xx_StdPeriph_Driver\src\stm32f4xx_spi.o
 .debug_info    0x0000f735      0xc51 Libraries\STM32F4xx_StdPeriph_Driver\src\stm32f4xx_rcc.o
 .debug_info    0x00010386      0x609 Libraries\STM32F4xx_StdPeriph_Driver\src\stm32f4xx_gpio.o
 .debug_info    0x0001098f      0x34b Libraries\STM32F4xx_StdPeriph_Driver\src\stm32f4xx_exti.o
 .debug_info    0x00010cda      0x73d Libraries\STM32F4xx_StdPeriph_Driver\src\stm32f4xx_dma.o
 .debug_info    0x00011417      0x641 Libraries\STM32F4xx_StdPeriph_Driver\src\stm32f4xx_dac.o
 .debug_info    0x00011a58      0x541 Libraries\STM32F4xx_StdPeriph_Driver\src\misc.o
 .debug_info    0x00011f99     0x1911 Libraries\STM32F4x7_ETH_Driver\src\stm32f4x7_eth.o

.debug_abbrev   0x00000000     0x3d6c
 .debug_abbrev  0x00000000      0x12b src\udp_echoclient.o
 .debug_abbrev  0x0000012b      0x201 src\tiny_printf.o
 .debug_abbrev  0x0000032c      0x138 src\system_stm32f4xx.o
 .debug_abbrev  0x00000464       0x9e src\stm32f4xx_it.o
 .debug_abbrev  0x00000502      0x1cd src\stm32f4x7_eth_bsp.o
 .debug_abbrev  0x000006cf       0x12 src\startup_stm32f4xx.o
 .debug_abbrev  0x000006e1      0x141 src\netconf.o
 .debug_abbrev  0x00000822      0x15e src\main.o
 .debug_abbrev  0x00000980       0x92 src\STM32F4-Discovery_callback.o
 .debug_abbrev  0x00000a12      0x20a Utilities\lwip_v1.3.2\src\netif\etharp.o
 .debug_abbrev  0x00000c1c      0x20c Utilities\lwip_v1.3.2\src\core\udp.o
 .debug_abbrev  0x00000e28      0x224 Utilities\lwip_v1.3.2\src\core\tcp_out.o
 .debug_abbrev  0x0000104c      0x1e9 Utilities\lwip_v1.3.2\src\core\tcp_in.o
 .debug_abbrev  0x00001235      0x2c4 Utilities\lwip_v1.3.2\src\core\tcp.o
 .debug_abbrev  0x000014f9      0x1b7 Utilities\lwip_v1.3.2\src\core\raw.o
 .debug_abbrev  0x000016b0      0x1a3 Utilities\lwip_v1.3.2\src\core\pbuf.o
 .debug_abbrev  0x00001853      0x256 Utilities\lwip_v1.3.2\src\core\netif.o
 .debug_abbrev  0x00001aa9      0x11e Utilities\lwip_v1.3.2\src\core\memp.o
 .debug_abbrev  0x00001bc7      0x15e Utilities\lwip_v1.3.2\src\core\mem.o
 .debug_abbrev  0x00001d25      0x1df Utilities\lwip_v1.3.2\src\core\ipv4\ip_frag.o
 .debug_abbrev  0x00001f04       0xf3 Utilities\lwip_v1.3.2\src\core\ipv4\ip_addr.o
 .debug_abbrev  0x00001ff7      0x195 Utilities\lwip_v1.3.2\src\core\ipv4\ip.o
 .debug_abbrev  0x0000218c      0x13c Utilities\lwip_v1.3.2\src\core\ipv4\inet_chksum.o
 .debug_abbrev  0x000022c8      0x130 Utilities\lwip_v1.3.2\src\core\ipv4\inet.o
 .debug_abbrev  0x000023f8      0x19a Utilities\lwip_v1.3.2\src\core\ipv4\icmp.o
 .debug_abbrev  0x00002592      0x1a5 Utilities\lwip_v1.3.2\src\core\ipv4\autoip.o
 .debug_abbrev  0x00002737      0x21a Utilities\lwip_v1.3.2\src\core\dhcp.o
 .debug_abbrev  0x00002951      0x213 Utilities\lwip_v1.3.2\port\STM32F4x7\Standalone\ethernetif.o
 .debug_abbrev  0x00002b64      0x258 Utilities\STM32F4-Discovery\stm32f4_discovery_audio_codec.o
 .debug_abbrev  0x00002dbc      0x185 Utilities\STM32F4-Discovery\stm32f4_discovery.o
 .debug_abbrev  0x00002f41      0x133 Libraries\STM32F4xx_StdPeriph_Driver\src\stm32f4xx_syscfg.o
 .debug_abbrev  0x00003074      0x169 Libraries\STM32F4xx_StdPeriph_Driver\src\stm32f4xx_spi.o
 .debug_abbrev  0x000031dd      0x1e5 Libraries\STM32F4xx_StdPeriph_Driver\src\stm32f4xx_rcc.o
 .debug_abbrev  0x000033c2      0x1a5 Libraries\STM32F4xx_StdPeriph_Driver\src\stm32f4xx_gpio.o
 .debug_abbrev  0x00003567      0x1a7 Libraries\STM32F4xx_StdPeriph_Driver\src\stm32f4xx_exti.o
 .debug_abbrev  0x0000370e      0x157 Libraries\STM32F4xx_StdPeriph_Driver\src\stm32f4xx_dma.o
 .debug_abbrev  0x00003865      0x17e Libraries\STM32F4xx_StdPeriph_Driver\src\stm32f4xx_dac.o
 .debug_abbrev  0x000039e3      0x147 Libraries\STM32F4xx_StdPeriph_Driver\src\misc.o
 .debug_abbrev  0x00003b2a      0x242 Libraries\STM32F4x7_ETH_Driver\src\stm32f4x7_eth.o

.debug_aranges  0x00000000     0x1330
 .debug_aranges
                0x00000000       0x28 src\udp_echoclient.o
 .debug_aranges
                0x00000028       0x48 src\tiny_printf.o
 .debug_aranges
                0x00000070       0x30 src\system_stm32f4xx.o
 .debug_aranges
                0x000000a0       0x68 src\stm32f4xx_it.o
 .debug_aranges
                0x00000108       0x40 src\stm32f4x7_eth_bsp.o
 .debug_aranges
                0x00000148       0x28 src\startup_stm32f4xx.o
 .debug_aranges
                0x00000170       0x30 src\netconf.o
 .debug_aranges
                0x000001a0       0x40 src\main.o
 .debug_aranges
                0x000001e0       0x30 src\STM32F4-Discovery_callback.o
 .debug_aranges
                0x00000210       0x80 Utilities\lwip_v1.3.2\src\netif\etharp.o
 .debug_aranges
                0x00000290       0x68 Utilities\lwip_v1.3.2\src\core\udp.o
 .debug_aranges
                0x000002f8       0x80 Utilities\lwip_v1.3.2\src\core\tcp_out.o
 .debug_aranges
                0x00000378       0x48 Utilities\lwip_v1.3.2\src\core\tcp_in.o
 .debug_aranges
                0x000003c0      0x110 Utilities\lwip_v1.3.2\src\core\tcp.o
 .debug_aranges
                0x000004d0       0x58 Utilities\lwip_v1.3.2\src\core\raw.o
 .debug_aranges
                0x00000528       0x80 Utilities\lwip_v1.3.2\src\core\pbuf.o
 .debug_aranges
                0x000005a8       0x70 Utilities\lwip_v1.3.2\src\core\netif.o
 .debug_aranges
                0x00000618       0x30 Utilities\lwip_v1.3.2\src\core\memp.o
 .debug_aranges
                0x00000648       0x48 Utilities\lwip_v1.3.2\src\core\mem.o
 .debug_aranges
                0x00000690       0x58 Utilities\lwip_v1.3.2\src\core\ipv4\ip_frag.o
 .debug_aranges
                0x000006e8       0x20 Utilities\lwip_v1.3.2\src\core\ipv4\ip_addr.o
 .debug_aranges
                0x00000708       0x38 Utilities\lwip_v1.3.2\src\core\ipv4\ip.o
 .debug_aranges
                0x00000740       0x38 Utilities\lwip_v1.3.2\src\core\ipv4\inet_chksum.o
 .debug_aranges
                0x00000778       0x50 Utilities\lwip_v1.3.2\src\core\ipv4\inet.o
 .debug_aranges
                0x000007c8       0x38 Utilities\lwip_v1.3.2\src\core\ipv4\icmp.o
 .debug_aranges
                0x00000800       0x78 Utilities\lwip_v1.3.2\src\core\ipv4\autoip.o
 .debug_aranges
                0x00000878      0x138 Utilities\lwip_v1.3.2\src\core\dhcp.o
 .debug_aranges
                0x000009b0       0x40 Utilities\lwip_v1.3.2\port\STM32F4x7\Standalone\ethernetif.o
 .debug_aranges
                0x000009f0      0x130 Utilities\STM32F4-Discovery\stm32f4_discovery_audio_codec.o
 .debug_aranges
                0x00000b20       0x48 Utilities\STM32F4-Discovery\stm32f4_discovery.o
 .debug_aranges
                0x00000b68       0x48 Libraries\STM32F4xx_StdPeriph_Driver\src\stm32f4xx_syscfg.o
 .debug_aranges
                0x00000bb0       0xe0 Libraries\STM32F4xx_StdPeriph_Driver\src\stm32f4xx_spi.o
 .debug_aranges
                0x00000c90      0x178 Libraries\STM32F4xx_StdPeriph_Driver\src\stm32f4xx_rcc.o
 .debug_aranges
                0x00000e08       0x88 Libraries\STM32F4xx_StdPeriph_Driver\src\stm32f4xx_gpio.o
 .debug_aranges
                0x00000e90       0x58 Libraries\STM32F4xx_StdPeriph_Driver\src\stm32f4xx_exti.o
 .debug_aranges
                0x00000ee8       0xb0 Libraries\STM32F4xx_StdPeriph_Driver\src\stm32f4xx_dma.o
 .debug_aranges
                0x00000f98       0xa0 Libraries\STM32F4xx_StdPeriph_Driver\src\stm32f4xx_dac.o
 .debug_aranges
                0x00001038       0x40 Libraries\STM32F4xx_StdPeriph_Driver\src\misc.o
 .debug_aranges
                0x00001078      0x2b8 Libraries\STM32F4x7_ETH_Driver\src\stm32f4x7_eth.o

.debug_ranges   0x00000000     0x10c8
 .debug_ranges  0x00000000       0x18 src\udp_echoclient.o
 .debug_ranges  0x00000018       0x38 src\tiny_printf.o
 .debug_ranges  0x00000050       0x20 src\system_stm32f4xx.o
 .debug_ranges  0x00000070       0x58 src\stm32f4xx_it.o
 .debug_ranges  0x000000c8       0x30 src\stm32f4x7_eth_bsp.o
 .debug_ranges  0x000000f8       0x20 src\startup_stm32f4xx.o
 .debug_ranges  0x00000118       0x20 src\netconf.o
 .debug_ranges  0x00000138       0x30 src\main.o
 .debug_ranges  0x00000168       0x20 src\STM32F4-Discovery_callback.o
 .debug_ranges  0x00000188       0x70 Utilities\lwip_v1.3.2\src\netif\etharp.o
 .debug_ranges  0x000001f8       0x58 Utilities\lwip_v1.3.2\src\core\udp.o
 .debug_ranges  0x00000250       0x70 Utilities\lwip_v1.3.2\src\core\tcp_out.o
 .debug_ranges  0x000002c0       0x38 Utilities\lwip_v1.3.2\src\core\tcp_in.o
 .debug_ranges  0x000002f8      0x100 Utilities\lwip_v1.3.2\src\core\tcp.o
 .debug_ranges  0x000003f8       0x48 Utilities\lwip_v1.3.2\src\core\raw.o
 .debug_ranges  0x00000440       0x70 Utilities\lwip_v1.3.2\src\core\pbuf.o
 .debug_ranges  0x000004b0       0x60 Utilities\lwip_v1.3.2\src\core\netif.o
 .debug_ranges  0x00000510       0x20 Utilities\lwip_v1.3.2\src\core\memp.o
 .debug_ranges  0x00000530       0x38 Utilities\lwip_v1.3.2\src\core\mem.o
 .debug_ranges  0x00000568       0x48 Utilities\lwip_v1.3.2\src\core\ipv4\ip_frag.o
 .debug_ranges  0x000005b0       0x10 Utilities\lwip_v1.3.2\src\core\ipv4\ip_addr.o
 .debug_ranges  0x000005c0       0x28 Utilities\lwip_v1.3.2\src\core\ipv4\ip.o
 .debug_ranges  0x000005e8       0x28 Utilities\lwip_v1.3.2\src\core\ipv4\inet_chksum.o
 .debug_ranges  0x00000610       0x40 Utilities\lwip_v1.3.2\src\core\ipv4\inet.o
 .debug_ranges  0x00000650       0x28 Utilities\lwip_v1.3.2\src\core\ipv4\icmp.o
 .debug_ranges  0x00000678       0x68 Utilities\lwip_v1.3.2\src\core\ipv4\autoip.o
 .debug_ranges  0x000006e0      0x128 Utilities\lwip_v1.3.2\src\core\dhcp.o
 .debug_ranges  0x00000808       0x30 Utilities\lwip_v1.3.2\port\STM32F4x7\Standalone\ethernetif.o
 .debug_ranges  0x00000838      0x120 Utilities\STM32F4-Discovery\stm32f4_discovery_audio_codec.o
 .debug_ranges  0x00000958       0x38 Utilities\STM32F4-Discovery\stm32f4_discovery.o
 .debug_ranges  0x00000990       0x38 Libraries\STM32F4xx_StdPeriph_Driver\src\stm32f4xx_syscfg.o
 .debug_ranges  0x000009c8       0xd0 Libraries\STM32F4xx_StdPeriph_Driver\src\stm32f4xx_spi.o
 .debug_ranges  0x00000a98      0x168 Libraries\STM32F4xx_StdPeriph_Driver\src\stm32f4xx_rcc.o
 .debug_ranges  0x00000c00       0x78 Libraries\STM32F4xx_StdPeriph_Driver\src\stm32f4xx_gpio.o
 .debug_ranges  0x00000c78       0x48 Libraries\STM32F4xx_StdPeriph_Driver\src\stm32f4xx_exti.o
 .debug_ranges  0x00000cc0       0xa0 Libraries\STM32F4xx_StdPeriph_Driver\src\stm32f4xx_dma.o
 .debug_ranges  0x00000d60       0x90 Libraries\STM32F4xx_StdPeriph_Driver\src\stm32f4xx_dac.o
 .debug_ranges  0x00000df0       0x30 Libraries\STM32F4xx_StdPeriph_Driver\src\misc.o
 .debug_ranges  0x00000e20      0x2a8 Libraries\STM32F4x7_ETH_Driver\src\stm32f4x7_eth.o

.debug_line     0x00000000     0x8ec0
 .debug_line    0x00000000      0x2df src\udp_echoclient.o
 .debug_line    0x000002df      0x289 src\tiny_printf.o
 .debug_line    0x00000568      0x1f2 src\system_stm32f4xx.o
 .debug_line    0x0000075a      0x22d src\stm32f4xx_it.o
 .debug_line    0x00000987      0x30e src\stm32f4x7_eth_bsp.o
 .debug_line    0x00000c95       0x77 src\startup_stm32f4xx.o
 .debug_line    0x00000d0c      0x2f5 src\netconf.o
 .debug_line    0x00001001      0x220 src\main.o
 .debug_line    0x00001221      0x17f src\STM32F4-Discovery_callback.o
 .debug_line    0x000013a0      0x553 Utilities\lwip_v1.3.2\src\netif\etharp.o
 .debug_line    0x000018f3      0x409 Utilities\lwip_v1.3.2\src\core\udp.o
 .debug_line    0x00001cfc      0x550 Utilities\lwip_v1.3.2\src\core\tcp_out.o
 .debug_line    0x0000224c      0x6d5 Utilities\lwip_v1.3.2\src\core\tcp_in.o
 .debug_line    0x00002921      0x77f Utilities\lwip_v1.3.2\src\core\tcp.o
 .debug_line    0x000030a0      0x2e6 Utilities\lwip_v1.3.2\src\core\raw.o
 .debug_line    0x00003386      0x411 Utilities\lwip_v1.3.2\src\core\pbuf.o
 .debug_line    0x00003797      0x374 Utilities\lwip_v1.3.2\src\core\netif.o
 .debug_line    0x00003b0b      0x1a2 Utilities\lwip_v1.3.2\src\core\memp.o
 .debug_line    0x00003cad      0x247 Utilities\lwip_v1.3.2\src\core\mem.o
 .debug_line    0x00003ef4      0x3e5 Utilities\lwip_v1.3.2\src\core\ipv4\ip_frag.o
 .debug_line    0x000042d9      0x1d9 Utilities\lwip_v1.3.2\src\core\ipv4\ip_addr.o
 .debug_line    0x000044b2      0x32c Utilities\lwip_v1.3.2\src\core\ipv4\ip.o
 .debug_line    0x000047de      0x237 Utilities\lwip_v1.3.2\src\core\ipv4\inet_chksum.o
 .debug_line    0x00004a15      0x261 Utilities\lwip_v1.3.2\src\core\ipv4\inet.o
 .debug_line    0x00004c76      0x258 Utilities\lwip_v1.3.2\src\core\ipv4\icmp.o
 .debug_line    0x00004ece      0x3dc Utilities\lwip_v1.3.2\src\core\ipv4\autoip.o
 .debug_line    0x000052aa      0x8a2 Utilities\lwip_v1.3.2\src\core\dhcp.o
 .debug_line    0x00005b4c      0x457 Utilities\lwip_v1.3.2\port\STM32F4x7\Standalone\ethernetif.o
 .debug_line    0x00005fa3      0x6e2 Utilities\STM32F4-Discovery\stm32f4_discovery_audio_codec.o
 .debug_line    0x00006685      0x285 Utilities\STM32F4-Discovery\stm32f4_discovery.o
 .debug_line    0x0000690a      0x20f Libraries\STM32F4xx_StdPeriph_Driver\src\stm32f4xx_syscfg.o
 .debug_line    0x00006b19      0x43c Libraries\STM32F4xx_StdPeriph_Driver\src\stm32f4xx_spi.o
 .debug_line    0x00006f55      0x584 Libraries\STM32F4xx_StdPeriph_Driver\src\stm32f4xx_rcc.o
 .debug_line    0x000074d9      0x329 Libraries\STM32F4xx_StdPeriph_Driver\src\stm32f4xx_gpio.o
 .debug_line    0x00007802      0x28f Libraries\STM32F4xx_StdPeriph_Driver\src\stm32f4xx_exti.o
 .debug_line    0x00007a91      0x3c6 Libraries\STM32F4xx_StdPeriph_Driver\src\stm32f4xx_dma.o
 .debug_line    0x00007e57      0x342 Libraries\STM32F4xx_StdPeriph_Driver\src\stm32f4xx_dac.o
 .debug_line    0x00008199      0x22f Libraries\STM32F4xx_StdPeriph_Driver\src\misc.o
 .debug_line    0x000083c8      0xaf8 Libraries\STM32F4x7_ETH_Driver\src\stm32f4x7_eth.o

.debug_str      0x00000000     0x5a6c
 .debug_str     0x00000000      0x292 src\udp_echoclient.o
                                0x32c (size before relaxing)
 .debug_str     0x00000292      0x3fd src\tiny_printf.o
                                0x5d8 (size before relaxing)
 .debug_str     0x0000068f      0x209 src\system_stm32f4xx.o
                                0x3fe (size before relaxing)
 .debug_str     0x00000898       0xb7 src\stm32f4xx_it.o
                                0x279 (size before relaxing)
 .debug_str     0x0000094f      0xbe0 src\stm32f4x7_eth_bsp.o
                                0xe62 (size before relaxing)
 .debug_str     0x0000152f      0x1bf src\netconf.o
                                0x498 (size before relaxing)
 .debug_str     0x000016ee       0xa1 src\main.o
                                0x2d4 (size before relaxing)
 .debug_str     0x0000178f       0x8c src\STM32F4-Discovery_callback.o
                                0x261 (size before relaxing)
 .debug_str     0x0000181b      0x3a9 Utilities\lwip_v1.3.2\src\netif\etharp.o
                                0x809 (size before relaxing)
 .debug_str     0x00001bc4      0x14f Utilities\lwip_v1.3.2\src\core\udp.o
                                0x66b (size before relaxing)
 .debug_str     0x00001d13      0x317 Utilities\lwip_v1.3.2\src\core\tcp_out.o
                                0x6bd (size before relaxing)
 .debug_str     0x0000202a      0x15a Utilities\lwip_v1.3.2\src\core\tcp_in.o
                                0x6c5 (size before relaxing)
 .debug_str     0x00002184      0x276 Utilities\lwip_v1.3.2\src\core\tcp.o
                                0x82e (size before relaxing)
 .debug_str     0x000023fa       0x97 Utilities\lwip_v1.3.2\src\core\raw.o
                                0x425 (size before relaxing)
 .debug_str     0x00002491      0x172 Utilities\lwip_v1.3.2\src\core\pbuf.o
                                0x44b (size before relaxing)
 .debug_str     0x00002603       0xf0 Utilities\lwip_v1.3.2\src\core\netif.o
                                0x769 (size before relaxing)
 .debug_str     0x000026f3       0x7e Utilities\lwip_v1.3.2\src\core\memp.o
                                0x2b9 (size before relaxing)
 .debug_str     0x00002771       0xc1 Utilities\lwip_v1.3.2\src\core\mem.o
                                0x27f (size before relaxing)
 .debug_str     0x00002832      0x210 Utilities\lwip_v1.3.2\src\core\ipv4\ip_frag.o
                                0x586 (size before relaxing)
 .debug_str     0x00002a42       0x61 Utilities\lwip_v1.3.2\src\core\ipv4\ip_addr.o
                                0x298 (size before relaxing)
 .debug_str     0x00002aa3       0x9f Utilities\lwip_v1.3.2\src\core\ipv4\ip.o
                                0x54c (size before relaxing)
 .debug_str     0x00002b42       0x95 Utilities\lwip_v1.3.2\src\core\ipv4\inet_chksum.o
                                0x279 (size before relaxing)
 .debug_str     0x00002bd7       0x72 Utilities\lwip_v1.3.2\src\core\ipv4\inet.o
                                0x222 (size before relaxing)
 .debug_str     0x00002c49       0xa5 Utilities\lwip_v1.3.2\src\core\ipv4\icmp.o
                                0x405 (size before relaxing)
 .debug_str     0x00002cee      0x10d Utilities\lwip_v1.3.2\src\core\ipv4\autoip.o
                                0x417 (size before relaxing)
 .debug_str     0x00002dfb      0x2e4 Utilities\lwip_v1.3.2\src\core\dhcp.o
                                0x7a0 (size before relaxing)
 .debug_str     0x000030df      0x3cc Utilities\lwip_v1.3.2\port\STM32F4x7\Standalone\ethernetif.o
                                0x6e5 (size before relaxing)
 .debug_str     0x000034ab      0x790 Utilities\STM32F4-Discovery\stm32f4_discovery_audio_codec.o
                               0x10d7 (size before relaxing)
 .debug_str     0x00003c3b      0x24f Utilities\STM32F4-Discovery\stm32f4_discovery.o
                                0xb9c (size before relaxing)
 .debug_str     0x00003e8a      0x169 Libraries\STM32F4xx_StdPeriph_Driver\src\stm32f4xx_syscfg.o
                                0x367 (size before relaxing)
 .debug_str     0x00003ff3      0x32c Libraries\STM32F4xx_StdPeriph_Driver\src\stm32f4xx_spi.o
                                0x6fd (size before relaxing)
 .debug_str     0x0000431f      0x4ff Libraries\STM32F4xx_StdPeriph_Driver\src\stm32f4xx_rcc.o
                                0x8c3 (size before relaxing)
 .debug_str     0x0000481e      0x168 Libraries\STM32F4xx_StdPeriph_Driver\src\stm32f4xx_gpio.o
                                0x516 (size before relaxing)
 .debug_str     0x00004986       0xf3 Libraries\STM32F4xx_StdPeriph_Driver\src\stm32f4xx_exti.o
                                0x3cc (size before relaxing)
 .debug_str     0x00004a79      0x244 Libraries\STM32F4xx_StdPeriph_Driver\src\stm32f4xx_dma.o
                                0x5b5 (size before relaxing)
 .debug_str     0x00004cbd      0x220 Libraries\STM32F4xx_StdPeriph_Driver\src\stm32f4xx_dac.o
                                0x4c6 (size before relaxing)
 .debug_str     0x00004edd      0x106 Libraries\STM32F4xx_StdPeriph_Driver\src\misc.o
                                0x441 (size before relaxing)
 .debug_str     0x00004fe3      0xa89 Libraries\STM32F4x7_ETH_Driver\src\stm32f4x7_eth.o
                               0x14c2 (size before relaxing)

.comment        0x00000000       0x82
 .comment       0x00000000       0x82 src\udp_echoclient.o
                                 0x83 (size before relaxing)
 .comment       0x00000000       0x83 src\tiny_printf.o
 .comment       0x00000000       0x83 src\system_stm32f4xx.o
 .comment       0x00000000       0x83 src\stm32f4xx_it.o
 .comment       0x00000000       0x83 src\stm32f4x7_eth_bsp.o
 .comment       0x00000000       0x83 src\netconf.o
 .comment       0x00000000       0x83 src\main.o
 .comment       0x00000000       0x83 src\STM32F4-Discovery_callback.o
 .comment       0x00000000       0x83 Utilities\lwip_v1.3.2\src\netif\etharp.o
 .comment       0x00000000       0x83 Utilities\lwip_v1.3.2\src\core\udp.o
 .comment       0x00000000       0x83 Utilities\lwip_v1.3.2\src\core\tcp_out.o
 .comment       0x00000000       0x83 Utilities\lwip_v1.3.2\src\core\tcp_in.o
 .comment       0x00000000       0x83 Utilities\lwip_v1.3.2\src\core\tcp.o
 .comment       0x00000000       0x83 Utilities\lwip_v1.3.2\src\core\raw.o
 .comment       0x00000000       0x83 Utilities\lwip_v1.3.2\src\core\pbuf.o
 .comment       0x00000000       0x83 Utilities\lwip_v1.3.2\src\core\netif.o
 .comment       0x00000000       0x83 Utilities\lwip_v1.3.2\src\core\memp.o
 .comment       0x00000000       0x83 Utilities\lwip_v1.3.2\src\core\mem.o
 .comment       0x00000000       0x83 Utilities\lwip_v1.3.2\src\core\ipv4\ip_frag.o
 .comment       0x00000000       0x83 Utilities\lwip_v1.3.2\src\core\ipv4\ip_addr.o
 .comment       0x00000000       0x83 Utilities\lwip_v1.3.2\src\core\ipv4\ip.o
 .comment       0x00000000       0x83 Utilities\lwip_v1.3.2\src\core\ipv4\inet_chksum.o
 .comment       0x00000000       0x83 Utilities\lwip_v1.3.2\src\core\ipv4\inet.o
 .comment       0x00000000       0x83 Utilities\lwip_v1.3.2\src\core\ipv4\icmp.o
 .comment       0x00000000       0x83 Utilities\lwip_v1.3.2\src\core\ipv4\autoip.o
 .comment       0x00000000       0x83 Utilities\lwip_v1.3.2\src\core\dhcp.o
 .comment       0x00000000       0x83 Utilities\lwip_v1.3.2\port\STM32F4x7\Standalone\ethernetif.o
 .comment       0x00000000       0x83 Utilities\STM32F4-Discovery\stm32f4_discovery_audio_codec.o
 .comment       0x00000000       0x83 Utilities\STM32F4-Discovery\stm32f4_discovery.o
 .comment       0x00000000       0x83 Libraries\STM32F4xx_StdPeriph_Driver\src\stm32f4xx_syscfg.o
 .comment       0x00000000       0x83 Libraries\STM32F4xx_StdPeriph_Driver\src\stm32f4xx_spi.o
 .comment       0x00000000       0x83 Libraries\STM32F4xx_StdPeriph_Driver\src\stm32f4xx_rcc.o
 .comment       0x00000000       0x83 Libraries\STM32F4xx_StdPeriph_Driver\src\stm32f4xx_gpio.o
 .comment       0x00000000       0x83 Libraries\STM32F4xx_StdPeriph_Driver\src\stm32f4xx_exti.o
 .comment       0x00000000       0x83 Libraries\STM32F4xx_StdPeriph_Driver\src\stm32f4xx_dma.o
 .comment       0x00000000       0x83 Libraries\STM32F4xx_StdPeriph_Driver\src\stm32f4xx_dac.o
 .comment       0x00000000       0x83 Libraries\STM32F4xx_StdPeriph_Driver\src\misc.o
 .comment       0x00000000       0x83 Libraries\STM32F4x7_ETH_Driver\src\stm32f4x7_eth.o

.debug_frame    0x00000000     0x3bf0
 .debug_frame   0x00000000       0x50 src\udp_echoclient.o
 .debug_frame   0x00000050       0xf4 src\tiny_printf.o
 .debug_frame   0x00000144       0x64 src\system_stm32f4xx.o
 .debug_frame   0x000001a8      0x108 src\stm32f4xx_it.o
 .debug_frame   0x000002b0       0xac src\stm32f4x7_eth_bsp.o
 .debug_frame   0x0000035c       0x6c src\netconf.o
 .debug_frame   0x000003c8       0x9c src\main.o
 .debug_frame   0x00000464       0x5c src\STM32F4-Discovery_callback.o
 .debug_frame   0x000004c0      0x1b0 Utilities\lwip_v1.3.2\src\netif\etharp.o
 .debug_frame   0x00000670      0x144 Utilities\lwip_v1.3.2\src\core\udp.o
 .debug_frame   0x000007b4      0x1b8 Utilities\lwip_v1.3.2\src\core\tcp_out.o
 .debug_frame   0x0000096c       0xe4 Utilities\lwip_v1.3.2\src\core\tcp_in.o
 .debug_frame   0x00000a50      0x3b8 Utilities\lwip_v1.3.2\src\core\tcp.o
 .debug_frame   0x00000e08      0x104 Utilities\lwip_v1.3.2\src\core\raw.o
 .debug_frame   0x00000f0c      0x1a0 Utilities\lwip_v1.3.2\src\core\pbuf.o
 .debug_frame   0x000010ac      0x158 Utilities\lwip_v1.3.2\src\core\netif.o
 .debug_frame   0x00001204       0x64 Utilities\lwip_v1.3.2\src\core\memp.o
 .debug_frame   0x00001268       0xc0 Utilities\lwip_v1.3.2\src\core\mem.o
 .debug_frame   0x00001328      0x110 Utilities\lwip_v1.3.2\src\core\ipv4\ip_frag.o
 .debug_frame   0x00001438       0x2c Utilities\lwip_v1.3.2\src\core\ipv4\ip_addr.o
 .debug_frame   0x00001464       0x90 Utilities\lwip_v1.3.2\src\core\ipv4\ip.o
 .debug_frame   0x000014f4       0x90 Utilities\lwip_v1.3.2\src\core\ipv4\inet_chksum.o
 .debug_frame   0x00001584       0xe4 Utilities\lwip_v1.3.2\src\core\ipv4\inet.o
 .debug_frame   0x00001668       0x90 Utilities\lwip_v1.3.2\src\core\ipv4\icmp.o
 .debug_frame   0x000016f8      0x184 Utilities\lwip_v1.3.2\src\core\ipv4\autoip.o
 .debug_frame   0x0000187c      0x46c Utilities\lwip_v1.3.2\src\core\dhcp.o
 .debug_frame   0x00001ce8       0xb0 Utilities\lwip_v1.3.2\port\STM32F4x7\Standalone\ethernetif.o
 .debug_frame   0x00001d98      0x438 Utilities\STM32F4-Discovery\stm32f4_discovery_audio_codec.o
 .debug_frame   0x000021d0       0xc4 Utilities\STM32F4-Discovery\stm32f4_discovery.o
 .debug_frame   0x00002294       0xbc Libraries\STM32F4xx_StdPeriph_Driver\src\stm32f4xx_syscfg.o
 .debug_frame   0x00002350      0x2d0 Libraries\STM32F4xx_StdPeriph_Driver\src\stm32f4xx_spi.o
 .debug_frame   0x00002620      0x4d8 Libraries\STM32F4xx_StdPeriph_Driver\src\stm32f4xx_rcc.o
 .debug_frame   0x00002af8      0x19c Libraries\STM32F4xx_StdPeriph_Driver\src\stm32f4xx_gpio.o
 .debug_frame   0x00002c94       0xec Libraries\STM32F4xx_StdPeriph_Driver\src\stm32f4xx_exti.o
 .debug_frame   0x00002d80      0x224 Libraries\STM32F4xx_StdPeriph_Driver\src\stm32f4xx_dma.o
 .debug_frame   0x00002fa4      0x1ec Libraries\STM32F4xx_StdPeriph_Driver\src\stm32f4xx_dac.o
 .debug_frame   0x00003190       0x9c Libraries\STM32F4xx_StdPeriph_Driver\src\misc.o
 .debug_frame   0x0000322c      0x904 Libraries\STM32F4x7_ETH_Driver\src\stm32f4x7_eth.o
 .debug_frame   0x00003b30       0x2c c:/program files (x86)/atollic/truestudio for arm 5.4.0/armtools/bin/../lib/gcc/arm-atollic-eabi/4.8.3/../../../../arm-atollic-eabi/lib/armv7e-m/fpu\libc.a(lib_a-init.o)
 .debug_frame   0x00003b5c       0x2c c:/program files (x86)/atollic/truestudio for arm 5.4.0/armtools/bin/../lib/gcc/arm-atollic-eabi/4.8.3/../../../../arm-atollic-eabi/lib/armv7e-m/fpu\libc.a(lib_a-memcmp.o)
 .debug_frame   0x00003b88       0x28 c:/program files (x86)/atollic/truestudio for arm 5.4.0/armtools/bin/../lib/gcc/arm-atollic-eabi/4.8.3/../../../../arm-atollic-eabi/lib/armv7e-m/fpu\libc.a(lib_a-memcpy-stub.o)
 .debug_frame   0x00003bb0       0x20 c:/program files (x86)/atollic/truestudio for arm 5.4.0/armtools/bin/../lib/gcc/arm-atollic-eabi/4.8.3/../../../../arm-atollic-eabi/lib/armv7e-m/fpu\libc.a(lib_a-memset.o)
 .debug_frame   0x00003bd0       0x20 c:/program files (x86)/atollic/truestudio for arm 5.4.0/armtools/bin/../lib/gcc/arm-atollic-eabi/4.8.3/../../../../arm-atollic-eabi/lib/armv7e-m/fpu\libc.a(lib_a-strlen.o)

Cross Reference Table

Symbol                                            File
ADC_AnalogWatchdogCmd                             Libraries\STM32F4xx_StdPeriph_Driver\src\stm32f4xx_adc.o
ADC_AnalogWatchdogSingleChannelConfig             Libraries\STM32F4xx_StdPeriph_Driver\src\stm32f4xx_adc.o
ADC_AnalogWatchdogThresholdsConfig                Libraries\STM32F4xx_StdPeriph_Driver\src\stm32f4xx_adc.o
ADC_AutoInjectedConvCmd                           Libraries\STM32F4xx_StdPeriph_Driver\src\stm32f4xx_adc.o
ADC_ClearFlag                                     Libraries\STM32F4xx_StdPeriph_Driver\src\stm32f4xx_adc.o
ADC_ClearITPendingBit                             Libraries\STM32F4xx_StdPeriph_Driver\src\stm32f4xx_adc.o
ADC_Cmd                                           Libraries\STM32F4xx_StdPeriph_Driver\src\stm32f4xx_adc.o
ADC_CommonInit                                    Libraries\STM32F4xx_StdPeriph_Driver\src\stm32f4xx_adc.o
ADC_CommonStructInit                              Libraries\STM32F4xx_StdPeriph_Driver\src\stm32f4xx_adc.o
ADC_ContinuousModeCmd                             Libraries\STM32F4xx_StdPeriph_Driver\src\stm32f4xx_adc.o
ADC_DMACmd                                        Libraries\STM32F4xx_StdPeriph_Driver\src\stm32f4xx_adc.o
ADC_DMARequestAfterLastTransferCmd                Libraries\STM32F4xx_StdPeriph_Driver\src\stm32f4xx_adc.o
ADC_DeInit                                        Libraries\STM32F4xx_StdPeriph_Driver\src\stm32f4xx_adc.o
ADC_DiscModeChannelCountConfig                    Libraries\STM32F4xx_StdPeriph_Driver\src\stm32f4xx_adc.o
ADC_DiscModeCmd                                   Libraries\STM32F4xx_StdPeriph_Driver\src\stm32f4xx_adc.o
ADC_EOCOnEachRegularChannelCmd                    Libraries\STM32F4xx_StdPeriph_Driver\src\stm32f4xx_adc.o
ADC_ExternalTrigInjectedConvConfig                Libraries\STM32F4xx_StdPeriph_Driver\src\stm32f4xx_adc.o
ADC_ExternalTrigInjectedConvEdgeConfig            Libraries\STM32F4xx_StdPeriph_Driver\src\stm32f4xx_adc.o
ADC_GetConversionValue                            Libraries\STM32F4xx_StdPeriph_Driver\src\stm32f4xx_adc.o
ADC_GetFlagStatus                                 Libraries\STM32F4xx_StdPeriph_Driver\src\stm32f4xx_adc.o
ADC_GetITStatus                                   Libraries\STM32F4xx_StdPeriph_Driver\src\stm32f4xx_adc.o
ADC_GetInjectedConversionValue                    Libraries\STM32F4xx_StdPeriph_Driver\src\stm32f4xx_adc.o
ADC_GetMultiModeConversionValue                   Libraries\STM32F4xx_StdPeriph_Driver\src\stm32f4xx_adc.o
ADC_GetSoftwareStartConvStatus                    Libraries\STM32F4xx_StdPeriph_Driver\src\stm32f4xx_adc.o
ADC_GetSoftwareStartInjectedConvCmdStatus         Libraries\STM32F4xx_StdPeriph_Driver\src\stm32f4xx_adc.o
ADC_IRQHandler                                    src\startup_stm32f4xx.o
ADC_ITConfig                                      Libraries\STM32F4xx_StdPeriph_Driver\src\stm32f4xx_adc.o
ADC_Init                                          Libraries\STM32F4xx_StdPeriph_Driver\src\stm32f4xx_adc.o